Component: ARM Compiler 5.06 update 3 (build 300) Tool: armlink [4d35c9]

==============================================================================

Section Cross References

    startup_stm32f407xx.o(RESET) refers to startup_stm32f407xx.o(STACK) for __initial_sp
    startup_stm32f407xx.o(RESET) refers to startup_stm32f407xx.o(.text) for Reset_Handler
    startup_stm32f407xx.o(RESET) refers to stm32f4xx_it.o(i.NMI_Handler) for NMI_Handler
    startup_stm32f407xx.o(RESET) refers to stm32f4xx_it.o(i.HardFault_Handler) for HardFault_Handler
    startup_stm32f407xx.o(RESET) refers to stm32f4xx_it.o(i.MemManage_Handler) for MemManage_Handler
    startup_stm32f407xx.o(RESET) refers to stm32f4xx_it.o(i.BusFault_Handler) for BusFault_Handler
    startup_stm32f407xx.o(RESET) refers to stm32f4xx_it.o(i.UsageFault_Handler) for UsageFault_Handler
    startup_stm32f407xx.o(RESET) refers to port.o(.emb_text) for SVC_Handler
    startup_stm32f407xx.o(RESET) refers to stm32f4xx_it.o(i.DebugMon_Handler) for DebugMon_Handler
    startup_stm32f407xx.o(RESET) refers to stm32f4xx_it.o(i.SysTick_Handler) for SysTick_Handler
    startup_stm32f407xx.o(RESET) refers to stm32f4xx_it.o(i.USART1_IRQHandler) for USART1_IRQHandler
    startup_stm32f407xx.o(RESET) refers to stm32f4xx_it.o(i.USART3_IRQHandler) for USART3_IRQHandler
    startup_stm32f407xx.o(RESET) refers to stm32f4xx_it.o(i.USART6_IRQHandler) for USART6_IRQHandler
    startup_stm32f407xx.o(.text) refers to system_stm32f4xx.o(i.SystemInit) for SystemInit
    startup_stm32f407xx.o(.text) refers to entry.o(.ARM.Collect$$$$00000000) for __main
    main.o(i.SystemClock_Config) refers to memseta.o(.text) for __aeabi_memclr4
    main.o(i.SystemClock_Config) refers to stm32f4xx_hal_rcc.o(i.HAL_RCC_OscConfig) for HAL_RCC_OscConfig
    main.o(i.SystemClock_Config) refers to stm32f4xx_hal_rcc.o(i.HAL_RCC_ClockConfig) for HAL_RCC_ClockConfig
    main.o(i.main) refers to stm32f4xx_hal.o(i.HAL_Init) for HAL_Init
    main.o(i.main) refers to main.o(i.SystemClock_Config) for SystemClock_Config
    main.o(i.main) refers to gpio.o(i.MX_GPIO_Init) for MX_GPIO_Init
    main.o(i.main) refers to tim.o(i.MX_TIM4_Init) for MX_TIM4_Init
    main.o(i.main) refers to tim.o(i.MX_TIM7_Init) for MX_TIM7_Init
    main.o(i.main) refers to tim.o(i.MX_TIM10_Init) for MX_TIM10_Init
    main.o(i.main) refers to tim.o(i.MX_TIM14_Init) for MX_TIM14_Init
    main.o(i.main) refers to usart.o(i.MX_USART1_UART_Init) for MX_USART1_UART_Init
    main.o(i.main) refers to usart.o(i.MX_USART2_UART_Init) for MX_USART2_UART_Init
    main.o(i.main) refers to usart.o(i.MX_USART3_UART_Init) for MX_USART3_UART_Init
    main.o(i.main) refers to usart.o(i.MX_USART6_UART_Init) for MX_USART6_UART_Init
    main.o(i.main) refers to freertos.o(i.MX_FREERTOS_Init) for MX_FREERTOS_Init
    main.o(i.main) refers to cmsis_os.o(i.osKernelStart) for osKernelStart
    gpio.o(i.MX_GPIO_Init) refers to memseta.o(.text) for __aeabi_memclr4
    gpio.o(i.MX_GPIO_Init) refers to stm32f4xx_hal_gpio.o(i.HAL_GPIO_WritePin) for HAL_GPIO_WritePin
    gpio.o(i.MX_GPIO_Init) refers to stm32f4xx_hal_gpio.o(i.HAL_GPIO_Init) for HAL_GPIO_Init
    freertos.o(i.MX_FREERTOS_Init) refers to stm32f4xx_hal_uart.o(i.HAL_UART_Receive_IT) for HAL_UART_Receive_IT
    freertos.o(i.MX_FREERTOS_Init) refers to stm32f4xx_hal_tim.o(i.HAL_TIM_PWM_Start) for HAL_TIM_PWM_Start
    freertos.o(i.MX_FREERTOS_Init) refers to freertos.o(i.user_pwm_setvalue) for user_pwm_setvalue
    freertos.o(i.MX_FREERTOS_Init) refers to freertos.o(i.iniSetting) for iniSetting
    freertos.o(i.MX_FREERTOS_Init) refers to common.o(i.atk_8266_test) for atk_8266_test
    freertos.o(i.MX_FREERTOS_Init) refers to memseta.o(.text) for __aeabi_memclr4
    freertos.o(i.MX_FREERTOS_Init) refers to memcpya.o(.text) for __aeabi_memcpy4
    freertos.o(i.MX_FREERTOS_Init) refers to cmsis_os.o(i.osThreadCreate) for osThreadCreate
    freertos.o(i.MX_FREERTOS_Init) refers to freertos.o(.data) for .data
    freertos.o(i.MX_FREERTOS_Init) refers to usart.o(.bss) for huart1
    freertos.o(i.MX_FREERTOS_Init) refers to tim.o(.bss) for htim4
    freertos.o(i.MX_FREERTOS_Init) refers to freertos.o(.bss) for .bss
    freertos.o(i.MX_FREERTOS_Init) refers to modbus.o(.bss) for DB_R
    freertos.o(i.MX_FREERTOS_Init) refers to freertos.o(.constdata) for .constdata
    freertos.o(i.StartDefaultTask) refers to rs485.o(i.RS485_getLightValue) for RS485_getLightValue
    freertos.o(i.StartDefaultTask) refers to delay.o(i.delay_ms) for delay_ms
    freertos.o(i.StartDefaultTask) refers to rs485.o(i.RS485_getDioxideValue) for RS485_getDioxideValue
    freertos.o(i.StartDefaultTask) refers to rs485.o(i.RS485_getTempAndHumidValue) for RS485_getTempAndHumidValue
    freertos.o(i.StartDefaultTask) refers to rs485.o(i.RS485_getFlourValue) for RS485_getFlourValue
    freertos.o(i.StartDefaultTask) refers to stm32f4xx_hal_uart.o(i.HAL_UART_Receive_IT) for HAL_UART_Receive_IT
[...]
    Removing cmsis_os.o(i.osSemaphoreRelease), (80 bytes).
    Removing cmsis_os.o(i.osSemaphoreWait), (100 bytes).
    Removing cmsis_os.o(i.osSignalSet), (92 bytes).
    Removing cmsis_os.o(i.osSignalWait), (86 bytes).
    Removing cmsis_os.o(i.osSystickHandler), (20 bytes).
    Removing cmsis_os.o(i.osThreadGetId), (4 bytes).
    Removing cmsis_os.o(i.osThreadGetPriority), (32 bytes).
    Removing cmsis_os.o(i.osThreadList), (4 bytes).
    Removing cmsis_os.o(i.osThreadResume), (52 bytes).
    Removing cmsis_os.o(i.osThreadResumeAll), (18 bytes).
    Removing cmsis_os.o(i.osThreadSetPriority), (22 bytes).
    Removing cmsis_os.o(i.osThreadSuspend), (10 bytes).
    Removing cmsis_os.o(i.osThreadSuspendAll), (10 bytes).
    Removing cmsis_os.o(i.osThreadTerminate), (10 bytes).
    Removing cmsis_os.o(i.osThreadYield), (24 bytes).
    Removing cmsis_os.o(i.osTimerCreate), (4 bytes).
    Removing cmsis_os.o(i.osTimerDelete), (4 bytes).
    Removing cmsis_os.o(i.osTimerStart), (4 bytes).
    Removing cmsis_os.o(i.osTimerStop), (4 bytes).
    Removing heap_4.o(i.vPortInitialiseBlocks), (2 bytes).
    Removing heap_4.o(i.xPortGetFreeHeapSize), (12 bytes).
    Removing heap_4.o(i.xPortGetMinimumEverFreeHeapSize), (12 bytes).
    Removing port.o(i.vPortEndScheduler), (32 bytes).
    Removing port.o(i.vPortValidateInterruptPriority), (84 bytes).
    Removing delay.o(.rev16_text), (4 bytes).
    Removing delay.o(.revsh_text), (4 bytes).
    Removing delay.o(.rrx_text), (6 bytes).
    Removing delay.o(i.delay_us), (52 bytes).
    Removing common.o(.rev16_text), (4 bytes).
    Removing common.o(.revsh_text), (4 bytes).
    Removing common.o(.rrx_text), (6 bytes).
    Removing modbus.o(.rev16_text), (4 bytes).
    Removing modbus.o(.revsh_text), (4 bytes).
    Removing modbus.o(.rrx_text), (6 bytes).
    Removing rs485.o(.rev16_text), (4 bytes).
    Removing rs485.o(.revsh_text), (4 bytes).
    Removing rs485.o(.rrx_text), (6 bytes).
    Removing rs485.o(.bss), (9 bytes).
    Removing rs485.o(.data), (7 bytes).
    Removing rs485.o(.data), (7 bytes).

566 unused section(s) (total 35967 bytes) removed from the image.

==============================================================================

Image Symbol Table

    Local Symbols

    Symbol Name                              Value     Ov Type        Size  Object(Section)

    ../Core/Src/freertos.c                   0x00000000   Number         0  freertos.o ABSOLUTE
    ../Core/Src/gpio.c                       0x00000000   Number         0  gpio.o ABSOLUTE
    ../Core/Src/main.c                       0x00000000   Number         0  main.o ABSOLUTE
    ../Core/Src/stm32f4xx_hal_msp.c          0x00000000   Number         0  stm32f4xx_hal_msp.o ABSOLUTE
    ../Core/Src/stm32f4xx_it.c               0x00000000   Number         0  stm32f4xx_it.o ABSOLUTE
    ../Core/Src/system_stm32f4xx.c           0x00000000   Number         0  system_stm32f4xx.o ABSOLUTE
    ../Core/Src/tim.c                        0x00000000   Number         0  tim.o ABSOLUTE
    ../Core/Src/usart.c                      0x00000000   Number         0  usart.o ABSOLUTE
    ../Drivers/STM32F4xx_HAL_Driver/Src/stm32f4xx_hal.c 0x00000000   Number         0  stm32f4xx_hal.o ABSOLUTE
    ../Drivers/STM32F4xx_HAL_Driver/Src/stm32f4xx_hal_cortex.c 0x00000000   Number         0  stm32f4xx_hal_cortex.o ABSOLUTE
    ../Drivers/STM32F4xx_HAL_Driver/Src/stm32f4xx_hal_dma.c 0x00000000   Number         0  stm32f4xx_hal_dma.o ABSOLUTE
    ../Drivers/STM32F4xx_HAL_Driver/Src/stm32f4xx_hal_dma_ex.c 0x00000000   Number         0  stm32f4xx_hal_dma_ex.o ABSOLUTE
    ../Drivers/STM32F4xx_HAL_Driver/Src/stm32f4xx_hal_exti.c 0x00000000   Number         0  stm32f4xx_hal_exti.o ABSOLUTE
    ../Drivers/STM32F4xx_HAL_Driver/Src/stm32f4xx_hal_flash.c 0x00000000   Number         0  stm32f4xx_hal_flash.o ABSOLUTE
    ../Drivers/STM32F4xx_HAL_Driver/Src/stm32f4xx_hal_flash_ex.c 0x00000000   Number         0  stm32f4xx_hal_flash_ex.o ABSOLUTE
    ../Drivers/STM32F4xx_HAL_Driver/Src/stm32f4xx_hal_flash_ramfunc.c 0x00000000   Number         0  stm32f4xx_hal_flash_ramfunc.o ABSOLUTE
    ../Drivers/STM32F4xx_HAL_Driver/Src/stm32f4xx_hal_gpio.c 0x00000000   Number         0  stm32f4xx_hal_gpio.o ABSOLUTE
    ../Drivers/STM32F4xx_HAL_Driver/Src/stm32f4xx_hal_pwr.c 0x00000000   Number         0  stm32f4xx_hal_pwr.o ABSOLUTE
    ../Drivers/STM32F4xx_HAL_Driver/Src/stm32f4xx_hal_pwr_ex.c 0x00000000   Number         0  stm32f4xx_hal_pwr_ex.o ABSOLUTE
    ../Drivers/STM32F4xx_HAL_Driver/Src/stm32f4xx_hal_rcc.c 0x00000000   Number         0  stm32f4xx_hal_rcc.o ABSOLUTE
    ../Drivers/STM32F4xx_HAL_Driver/Src/stm32f4xx_hal_rcc_ex.c 0x00000000   Number         0  stm32f4xx_hal_rcc_ex.o ABSOLUTE
    ../Drivers/STM32F4xx_HAL_Driver/Src/stm32f4xx_hal_tim.c 0x00000000   Number         0  stm32f4xx_hal_tim.o ABSOLUTE
    ../Drivers/STM32F4xx_HAL_Driver/Src/stm32f4xx_hal_tim_ex.c 0x00000000   Number         0  stm32f4xx_hal_tim_ex.o ABSOLUTE
    ../Drivers/STM32F4xx_HAL_Driver/Src/stm32f4xx_hal_uart.c 0x00000000   Number         0  stm32f4xx_hal_uart.o ABSOLUTE
    ../Middlewares/Third_Party/FreeRTOS/Source/CMSIS_RTOS/cmsis_os.c 0x00000000   Number         0  cmsis_os.o ABSOLUTE
    ../Middlewares/Third_Party/FreeRTOS/Source/croutine.c 0x00000000   Number         0  croutine.o ABSOLUTE
    ../Middlewares/Third_Party/FreeRTOS/Source/event_groups.c 0x00000000   Number         0  event_groups.o ABSOLUTE
    ../Middlewares/Third_Party/FreeRTOS/Source/list.c 0x00000000   Number         0  list.o ABSOLUTE
    ../Middlewares/Third_Party/FreeRTOS/Source/portable/MemMang/heap_4.c 0x00000000   Number         0  heap_4.o ABSOLUTE
    ../Middlewares/Third_Party/FreeRTOS/Source/portable/RVDS/ARM_CM4F/port.c 0x00000000   Number         0  port.o ABSOLUTE
    ../Middlewares/Third_Party/FreeRTOS/Source/queue.c 0x00000000   Number         0  queue.o ABSOLUTE
    ../Middlewares/Third_Party/FreeRTOS/Source/stream_buffer.c 0x00000000   Number         0  stream_buffer.o ABSOLUTE
    ../Middlewares/Third_Party/FreeRTOS/Source/tasks.c 0x00000000   Number         0  tasks.o ABSOLUTE
    ../Middlewares/Third_Party/FreeRTOS/Source/timers.c 0x00000000   Number         0  timers.o ABSOLUTE
    ../clib/microlib/division.c              0x00000000   Number         0  uidiv.o ABSOLUTE
    ../clib/microlib/division.c              0x00000000   Number         0  uldiv.o ABSOLUTE
    ../clib/microlib/init/entry.s            0x00000000   Number         0  entry.o ABSOLUTE
    ../clib/microlib/init/entry.s            0x00000000   Number         0  entry8b.o ABSOLUTE
    ../clib/microlib/init/entry.s            0x00000000   Number         0  entry8a.o ABSOLUTE
    ../clib/microlib/init/entry.s            0x00000000   Number         0  entry7b.o ABSOLUTE
    ../clib/microlib/init/entry.s            0x00000000   Number         0  entry5.o ABSOLUTE
    ../clib/microlib/init/entry.s            0x00000000   Number         0  entry2.o ABSOLUTE
    ../clib/microlib/init/entry.s            0x00000000   Number         0  entry7a.o ABSOLUTE
    ../clib/microlib/init/entry.s            0x00000000   Number         0  entry11b.o ABSOLUTE
    ../clib/microlib/init/entry.s            0x00000000   Number         0  entry11a.o ABSOLUTE
    ../clib/microlib/init/entry.s            0x00000000   Number         0  entry10b.o ABSOLUTE
    ../clib/microlib/init/entry.s            0x00000000   Number         0  entry10a.o ABSOLUTE
    ../clib/microlib/init/entry.s            0x00000000   Number         0  entry9b.o ABSOLUTE
    ../clib/microlib/init/entry.s            0x00000000   Number         0  entry9a.o ABSOLUTE
    ../clib/microlib/longlong.c              0x00000000   Number         0  llsshr.o ABSOLUTE
    ../clib/microlib/longlong.c              0x00000000   Number         0  llshl.o ABSOLUTE
    ../clib/microlib/longlong.c              0x00000000   Number         0  llushr.o ABSOLUTE
    ../clib/microlib/printf/printf.c         0x00000000   Number         0  printfa.o ABSOLUTE
    ../clib/microlib/stdio/streams.c         0x00000000   Number         0  stdout.o ABSOLUTE
    ../clib/microlib/string/memcpy.c         0x00000000   Number         0  memcpyb.o ABSOLUTE
    ../clib/microlib/string/memcpy.c         0x00000000   Number         0  memcpya.o ABSOLUTE
    ../clib/microlib/string/memset.c         0x00000000   Number         0  memseta.o ABSOLUTE
    ../clib/microlib/string/memset.c         0x00000000   Number         0  memset.o ABSOLUTE
    ../clib/microlib/string/strlen.c         0x00000000   Number         0  strlen.o ABSOLUTE
    ../clib/microlib/string/strstr.c         0x00000000   Number         0  strstr.o ABSOLUTE
    ../clib/microlib/stubs.s                 0x00000000   Number         0  iusefp.o ABSOLUTE
    ../fplib/microlib/fpadd.c                0x00000000   Number         0  dadd.o ABSOLUTE
    ../fplib/microlib/fpdiv.c                0x00000000   Number         0  ddiv.o ABSOLUTE
    ../fplib/microlib/fpepilogue.c           0x00000000   Number         0  depilogue.o ABSOLUTE
    ../fplib/microlib/fpfix.c                0x00000000   Number         0  dfixul.o ABSOLUTE
    ../fplib/microlib/fpmul.c                0x00000000   Number         0  dmul.o ABSOLUTE
    ..\Core\Src\freertos.c                   0x00000000   Number         0  freertos.o ABSOLUTE
    ..\Core\Src\gpio.c                       0x00000000   Number         0  gpio.o ABSOLUTE
    ..\Core\Src\main.c                       0x00000000   Number         0  main.o ABSOLUTE
    ..\Core\Src\stm32f4xx_hal_msp.c          0x00000000   Number         0  stm32f4xx_hal_msp.o ABSOLUTE
    ..\Core\Src\stm32f4xx_it.c               0x00000000   Number         0  stm32f4xx_it.o ABSOLUTE
    ..\Core\Src\system_stm32f4xx.c           0x00000000   Number         0  system_stm32f4xx.o ABSOLUTE
    ..\Core\Src\tim.c                        0x00000000   Number         0  tim.o ABSOLUTE
    ..\Core\Src\usart.c                      0x00000000   Number         0  usart.o ABSOLUTE
    ..\Drivers\Delay\delay.c                 0x00000000   Number         0  delay.o ABSOLUTE
    ..\Drivers\ESP8266\common.c              0x00000000   Number         0  common.o ABSOLUTE
    ..\Drivers\Modbus\modbus.c               0x00000000   Number         0  modbus.o ABSOLUTE
    ..\Drivers\RS485\rs485.c                 0x00000000   Number         0  rs485.o ABSOLUTE
    ..\Drivers\STM32F4xx_HAL_Driver\Src\stm32f4xx_hal.c 0x00000000   Number         0  stm32f4xx_hal.o ABSOLUTE
    ..\Drivers\STM32F4xx_HAL_Driver\Src\stm32f4xx_hal_cortex.c 0x00000000   Number         0  stm32f4xx_hal_cortex.o ABSOLUTE
    ..\Drivers\STM32F4xx_HAL_Driver\Src\stm32f4xx_hal_dma.c 0x00000000   Number         0  stm32f4xx_hal_dma.o ABSOLUTE
    ..\Drivers\STM32F4xx_HAL_Driver\Src\stm32f4xx_hal_dma_ex.c 0x00000000   Number         0  stm32f4xx_hal_dma_ex.o ABSOLUTE
    ..\Drivers\STM32F4xx_HAL_Driver\Src\stm32f4xx_hal_exti.c 0x00000000   Number         0  stm32f4xx_hal_exti.o ABSOLUTE
    ..\Drivers\STM32F4xx_HAL_Driver\Src\stm32f4xx_hal_flash.c 0x00000000   Number         0  stm32f4xx_hal_flash.o ABSOLUTE
    ..\Drivers\STM32F4xx_HAL_Driver\Src\stm32f4xx_hal_flash_ex.c 0x00000000   Number         0  stm32f4xx_hal_flash_ex.o ABSOLUTE
    ..\Drivers\STM32F4xx_HAL_Driver\Src\stm32f4xx_hal_flash_ramfunc.c 0x00000000   Number         0  stm32f4xx_hal_flash_ramfunc.o ABSOLUTE
    ..\Drivers\STM32F4xx_HAL_Driver\Src\stm32f4xx_hal_gpio.c 0x00000000   Number         0  stm32f4xx_hal_gpio.o ABSOLUTE
    ..\Drivers\STM32F4xx_HAL_Driver\Src\stm32f4xx_hal_pwr.c 0x00000000   Number         0  stm32f4xx_hal_pwr.o ABSOLUTE
    ..\Drivers\STM32F4xx_HAL_Driver\Src\stm32f4xx_hal_pwr_ex.c 0x00000000   Number         0  stm32f4xx_hal_pwr_ex.o ABSOLUTE
    ..\Drivers\STM32F4xx_HAL_Driver\Src\stm32f4xx_hal_rcc.c 0x00000000   Number         0  stm32f4xx_hal_rcc.o ABSOLUTE
    ..\Drivers\STM32F4xx_HAL_Driver\Src\stm32f4xx_hal_rcc_ex.c 0x00000000   Number         0  stm32f4xx_hal_rcc_ex.o ABSOLUTE
    ..\Drivers\STM32F4xx_HAL_Driver\Src\stm32f4xx_hal_tim.c 0x00000000   Number         0  stm32f4xx_hal_tim.o ABSOLUTE
    ..\Drivers\STM32F4xx_HAL_Driver\Src\stm32f4xx_hal_tim_ex.c 0x00000000   Number         0  stm32f4xx_hal_tim_ex.o ABSOLUTE
    ..\Drivers\STM32F4xx_HAL_Driver\Src\stm32f4xx_hal_uart.c 0x00000000   Number         0  stm32f4xx_hal_uart.o ABSOLUTE
    ..\Middlewares\Third_Party\FreeRTOS\Source\CMSIS_RTOS\cmsis_os.c 0x00000000   Number         0  cmsis_os.o ABSOLUTE
    ..\Middlewares\Third_Party\FreeRTOS\Source\portable\RVDS\ARM_CM4F\port.c 0x00000000   Number         0  port.o ABSOLUTE
    ..\\Drivers\\Delay\\delay.c              0x00000000   Number         0  delay.o ABSOLUTE
    ..\\Drivers\\ESP8266\\common.c           0x00000000   Number         0  common.o ABSOLUTE
    ..\\Drivers\\Modbus\\modbus.c            0x00000000   Number         0  modbus.o ABSOLUTE
    ..\\Drivers\\RS485\\rs485.c              0x00000000   Number         0  rs485.o ABSOLUTE
    cdrcmple.s                               0x00000000   Number         0  cdrcmple.o ABSOLUTE
    dc.s                                     0x00000000   Number         0  dc.o ABSOLUTE
    handlers.s                               0x00000000   Number         0  handlers.o ABSOLUTE
    init.s                                   0x00000000   Number         0  init.o ABSOLUTE
    startup_stm32f407xx.s                    0x00000000   Number         0  startup_stm32f407xx.o ABSOLUTE
    RESET                                    0x08000000   Section      392  startup_stm32f407xx.o(RESET)
    .ARM.Collect$$$$00000000                 0x08000188   Section        0  entry.o(.ARM.Collect$$$$00000000)
    .ARM.Collect$$$$00000001                 0x08000188   Section        4  entry2.o(.ARM.Collect$$$$00000001)
    .ARM.Collect$$$$00000004                 0x0800018c   Section        4  entry5.o(.ARM.Collect$$$$00000004)
    .ARM.Collect$$$$00000008                 0x08000190   Section        0  entry7b.o(.ARM.Collect$$$$00000008)
    .ARM.Collect$$$$0000000A                 0x08000190   Section        0  entry8b.o(.ARM.Collect$$$$0000000A)
    .ARM.Collect$$$$0000000B                 0x08000190   Section        8  entry9a.o(.ARM.Collect$$$$0000000B)
    .ARM.Collect$$$$0000000D                 0x08000198   Section        0  entry10a.o(.ARM.Collect$$$$0000000D)
    .ARM.Collect$$$$0000000F                 0x08000198   Section        0  entry11a.o(.ARM.Collect$$$$0000000F)
    .ARM.Collect$$$$00002712                 0x08000198   Section        4  entry2.o(.ARM.Collect$$$$00002712)
    __lit__00000000                          0x08000198   Data           4  entry2.o(.ARM.Collect$$$$00002712)
    .emb_text                                0x0800019c   Section      190  port.o(.emb_text)
    $v0                                      0x0800019c   Number         0  port.o(.emb_text)
    .text                                    0x0800025c   Section       36  startup_stm32f407xx.o(.text)
    $v0                                      0x0800025c   Number         0  startup_stm32f407xx.o(.text)
    .text                                    0x08000280   Section        0  uldiv.o(.text)
    .text                                    0x080002e2   Section        0  memcpya.o(.text)
    .text                                    0x08000306   Section        0  memseta.o(.text)
    .text                                    0x0800032a   Section        0  strstr.o(.text)
    .text                                    0x0800034e   Section        0  strlen.o(.text)
    .text                                    0x0800035c   Section        0  uidiv.o(.text)
    .text                                    0x08000388   Section        0  llshl.o(.text)
    .text                                    0x080003a6   Section        0  llushr.o(.text)
    .text                                    0x080003c6   Section        0  iusefp.o(.text)
    .text                                    0x080003c6   Section        0  dadd.o(.text)
    .text                                    0x08000514   Section        0  dmul.o(.text)
    .text                                    0x080005f8   Section        0  ddiv.o(.text)
    .text                                    0x080006d6   Section        0  dfixul.o(.text)
    .text                                    0x08000708   Section       48  cdrcmple.o(.text)
    .text                                    0x08000738   Section       36  init.o(.text)
    .text                                    0x0800075c   Section        0  llsshr.o(.text)
    .text                                    0x08000780   Section        0  depilogue.o(.text)
    i.BusFault_Handler                       0x0800083a   Section        0  stm32f4xx_it.o(i.BusFault_Handler)
    i.CrcCheck                               0x0800083c   Section        0  modbus.o(i.CrcCheck)
    i.DebugMon_Handler                       0x08000874   Section        0  stm32f4xx_it.o(i.DebugMon_Handler)
    i.Error_Handler                          0x08000876   Section        0  main.o(i.Error_Handler)
    i.HAL_DMA_Abort_IT                       0x08000878   Section        0  stm32f4xx_hal_dma.o(i.HAL_DMA_Abort_IT)
    i.HAL_GPIO_Init                          0x0800089c   Section        0  stm32f4xx_hal_gpio.o(i.HAL_GPIO_Init)
    i.HAL_GPIO_WritePin                      0x08000a54   Section        0  stm32f4xx_hal_gpio.o(i.HAL_GPIO_WritePin)
    i.HAL_GetTick                            0x08000a60   Section        0  stm32f4xx_hal.o(i.HAL_GetTick)
    i.HAL_IncTick                            0x08000a6c   Section        0  stm32f4xx_hal.o(i.HAL_IncTick)
    i.HAL_Init                               0x08000a7c   Section        0  stm32f4xx_hal.o(i.HAL_Init)
    i.HAL_InitTick                           0x08000ab0   Section        0  stm32f4xx_hal.o(i.HAL_InitTick)
    i.HAL_MspInit                            0x08000af0   Section        0  stm32f4xx_hal_msp.o(i.HAL_MspInit)
    i.HAL_NVIC_EnableIRQ                     0x08000b28   Section        0  stm32f4xx_hal_cortex.o(i.HAL_NVIC_EnableIRQ)
    i.HAL_NVIC_SetPriority                   0x08000b44   Section        0  stm32f4xx_hal_cortex.o(i.HAL_NVIC_SetPriority)
    i.HAL_NVIC_SetPriorityGrouping           0x08000b84   Section        0  stm32f4xx_hal_cortex.o(i.HAL_NVIC_SetPriorityGrouping)
    i.HAL_RCC_ClockConfig                    0x08000ba8   Section        0  stm32f4xx_hal_rcc.o(i.HAL_RCC_ClockConfig)
    i.HAL_RCC_GetPCLK1Freq                   0x08000cdc   Section        0  stm32f4xx_hal_rcc.o(i.HAL_RCC_GetPCLK1Freq)
    i.HAL_RCC_GetPCLK2Freq                   0x08000cfc   Section        0  stm32f4xx_hal_rcc.o(i.HAL_RCC_GetPCLK2Freq)
    i.HAL_RCC_GetSysClockFreq                0x08000d1c   Section        0  stm32f4xx_hal_rcc.o(i.HAL_RCC_GetSysClockFreq)
    i.HAL_RCC_OscConfig                      0x08000d7c   Section        0  stm32f4xx_hal_rcc.o(i.HAL_RCC_OscConfig)
    i.HAL_SYSTICK_Config                     0x080010d8   Section        0  stm32f4xx_hal_cortex.o(i.HAL_SYSTICK_Config)
    i.HAL_TIMEx_MasterConfigSynchronization  0x08001100   Section        0  stm32f4xx_hal_tim_ex.o(i.HAL_TIMEx_MasterConfigSynchronization)
    i.HAL_TIM_Base_Init                      0x08001190   Section        0  stm32f4xx_hal_tim.o(i.HAL_TIM_Base_Init)
    i.HAL_TIM_Base_MspInit                   0x080011c8   Section        0  tim.o(i.HAL_TIM_Base_MspInit)
    i.HAL_TIM_MspPostInit                    0x08001228   Section        0  tim.o(i.HAL_TIM_MspPostInit)
    i.HAL_TIM_PWM_ConfigChannel              0x0800127c   Section        0  stm32f4xx_hal_tim.o(i.HAL_TIM_PWM_ConfigChannel)
    i.HAL_TIM_PWM_Init                       0x0800134c   Section        0  stm32f4xx_hal_tim.o(i.HAL_TIM_PWM_Init)
    i.HAL_TIM_PWM_MspInit                    0x08001384   Section        0  tim.o(i.HAL_TIM_PWM_MspInit)
    i.HAL_TIM_PWM_Start                      0x080013ac   Section        0  stm32f4xx_hal_tim.o(i.HAL_TIM_PWM_Start)
    i.HAL_UART_ErrorCallback                 0x080013f0   Section        0  stm32f4xx_hal_uart.o(i.HAL_UART_ErrorCallback)
    i.HAL_UART_IRQHandler                    0x080013f4   Section        0  stm32f4xx_hal_uart.o(i.HAL_UART_IRQHandler)
    i.HAL_UART_Init                          0x08001508   Section        0  stm32f4xx_hal_uart.o(i.HAL_UART_Init)
    i.HAL_UART_MspInit                       0x0800156c   Section        0  usart.o(i.HAL_UART_MspInit)
    i.HAL_UART_Receive_IT                    0x080016d0   Section        0  stm32f4xx_hal_uart.o(i.HAL_UART_Receive_IT)
    i.HAL_UART_RxCpltCallback                0x08001722   Section        0  stm32f4xx_hal_uart.o(i.HAL_UART_RxCpltCallback)
    i.HAL_UART_Transmit                      0x08001724   Section        0  stm32f4xx_hal_uart.o(i.HAL_UART_Transmit)
    i.HAL_UART_TxCpltCallback                0x080017de   Section        0  stm32f4xx_hal_uart.o(i.HAL_UART_TxCpltCallback)
    i.HardFault_Handler                      0x080017e0   Section        0  stm32f4xx_it.o(i.HardFault_Handler)
    i.MX_FREERTOS_Init                       0x080017e4   Section        0  freertos.o(i.MX_FREERTOS_Init)
    i.MX_GPIO_Init                           0x0800188c   Section        0  gpio.o(i.MX_GPIO_Init)
    i.MX_TIM10_Init                          0x08001964   Section        0  tim.o(i.MX_TIM10_Init)
    i.MX_TIM14_Init                          0x0800199c   Section        0  tim.o(i.MX_TIM14_Init)
    i.MX_TIM4_Init                           0x080019d0   Section        0  tim.o(i.MX_TIM4_Init)
    i.MX_TIM7_Init                           0x08001a40   Section        0  tim.o(i.MX_TIM7_Init)
    i.MX_USART1_UART_Init                    0x08001a88   Section        0  usart.o(i.MX_USART1_UART_Init)
    i.MX_USART2_UART_Init                    0x08001ac0   Section        0  usart.o(i.MX_USART2_UART_Init)
    i.MX_USART3_UART_Init                    0x08001af8   Section        0  usart.o(i.MX_USART3_UART_Init)
    i.MX_USART6_UART_Init                    0x08001b30   Section        0  usart.o(i.MX_USART6_UART_Init)
    i.MemManage_Handler                      0x08001b68   Section        0  stm32f4xx_it.o(i.MemManage_Handler)
    i.NMI_Handler                            0x08001b6a   Section        0  stm32f4xx_it.o(i.NMI_Handler)
    i.RS485_Send_Data                        0x08001b6c   Section        0  rs485.o(i.RS485_Send_Data)
    i.RS485_getDioxideValue                  0x08001b80   Section        0  rs485.o(i.RS485_getDioxideValue)
    i.RS485_getFlourValue                    0x08001bcc   Section        0  rs485.o(i.RS485_getFlourValue)
    i.RS485_getLightValue                    0x08001c18   Section        0  rs485.o(i.RS485_getLightValue)
    i.RS485_getTempAndHumidValue             0x08001c64   Section        0  rs485.o(i.RS485_getTempAndHumidValue)
    i.ReadHoldRegister                       0x08001cd8   Section        0  modbus.o(i.ReadHoldRegister)
    i.StartDefaultTask                       0x08001dd8   Section        0  freertos.o(i.StartDefaultTask)
    i.StartTask02                            0x08001f60   Section        0  freertos.o(i.StartTask02)
    i.SysTick_Handler                        0x08001fd4   Section        0  stm32f4xx_it.o(i.SysTick_Handler)
    i.SystemClock_Config                     0x08001fec   Section        0  main.o(i.SystemClock_Config)
    i.SystemInit                             0x08002070   Section        0  system_stm32f4xx.o(i.SystemInit)
    i.TIM_Base_SetConfig                     0x0800208c   Section        0  stm32f4xx_hal_tim.o(i.TIM_Base_SetConfig)
    i.TIM_CCxChannelCmd                      0x08002154   Section        0  stm32f4xx_hal_tim.o(i.TIM_CCxChannelCmd)
    i.TIM_OC1_SetConfig                      0x08002170   Section        0  stm32f4xx_hal_tim.o(i.TIM_OC1_SetConfig)
    TIM_OC1_SetConfig                        0x08002171   Thumb Code    88  stm32f4xx_hal_tim.o(i.TIM_OC1_SetConfig)
    i.TIM_OC2_SetConfig                      0x080021d0   Section        0  stm32f4xx_hal_tim.o(i.TIM_OC2_SetConfig)
    i.TIM_OC3_SetConfig                      0x0800223c   Section        0  stm32f4xx_hal_tim.o(i.TIM_OC3_SetConfig)
    TIM_OC3_SetConfig                        0x0800223d   Thumb Code    96  stm32f4xx_hal_tim.o(i.TIM_OC3_SetConfig)
    i.TIM_OC4_SetConfig                      0x080022a4   Section        0  stm32f4xx_hal_tim.o(i.TIM_OC4_SetConfig)
    TIM_OC4_SetConfig                        0x080022a5   Thumb Code    70  stm32f4xx_hal_tim.o(i.TIM_OC4_SetConfig)
    i.UART_DMAAbortOnError                   0x080022f4   Section        0  stm32f4xx_hal_uart.o(i.UART_DMAAbortOnError)
    UART_DMAAbortOnError                     0x080022f5   Thumb Code    16  stm32f4xx_hal_uart.o(i.UART_DMAAbortOnError)
    i.UART_EndRxTransfer                     0x08002304   Section        0  stm32f4xx_hal_uart.o(i.UART_EndRxTransfer)
    UART_EndRxTransfer                       0x08002305   Thumb Code    28  stm32f4xx_hal_uart.o(i.UART_EndRxTransfer)
    i.UART_Receive_IT                        0x08002320   Section        0  stm32f4xx_hal_uart.o(i.UART_Receive_IT)
    UART_Receive_IT                          0x08002321   Thumb Code   150  stm32f4xx_hal_uart.o(i.UART_Receive_IT)
    i.UART_SetConfig                         0x080023b8   Section        0  stm32f4xx_hal_uart.o(i.UART_SetConfig)
    UART_SetConfig                           0x080023b9   Thumb Code   286  stm32f4xx_hal_uart.o(i.UART_SetConfig)
    i.UART_Transmit_IT                       0x080024e0   Section        0  stm32f4xx_hal_uart.o(i.UART_Transmit_IT)
    UART_Transmit_IT                         0x080024e1   Thumb Code    98  stm32f4xx_hal_uart.o(i.UART_Transmit_IT)
    i.UART_WaitOnFlagUntilTimeout            0x08002542   Section        0  stm32f4xx_hal_uart.o(i.UART_WaitOnFlagUntilTimeout)
    UART_WaitOnFlagUntilTimeout              0x08002543   Thumb Code   100  stm32f4xx_hal_uart.o(i.UART_WaitOnFlagUntilTimeout)
    i.USART1_IRQHandler                      0x080025a8   Section        0  stm32f4xx_it.o(i.USART1_IRQHandler)
    i.USART3_IRQHandler                      0x08002618   Section        0  stm32f4xx_it.o(i.USART3_IRQHandler)
    i.USART6_IRQHandler                      0x08002688   Section        0  stm32f4xx_it.o(i.USART6_IRQHandler)
    i.UsageFault_Handler                     0x08002694   Section        0  stm32f4xx_it.o(i.UsageFault_Handler)
    i.__0vsprintf                            0x08002698   Section        0  printfa.o(i.__0vsprintf)
    i.__NVIC_SetPriority                     0x080026bc   Section        0  stm32f4xx_hal_cortex.o(i.__NVIC_SetPriority)
    __NVIC_SetPriority                       0x080026bd   Thumb Code    32  stm32f4xx_hal_cortex.o(i.__NVIC_SetPriority)
    i.__scatterload_copy                     0x080026dc   Section       14  handlers.o(i.__scatterload_copy)
    i.__scatterload_null                     0x080026ea   Section        2  handlers.o(i.__scatterload_null)
    i.__scatterload_zeroinit                 0x080026ec   Section       14  handlers.o(i.__scatterload_zeroinit)
    i._fp_digits                             0x080026fc   Section        0  printfa.o(i._fp_digits)
    _fp_digits                               0x080026fd   Thumb Code   366  printfa.o(i._fp_digits)
    i._printf_core                           0x08002880   Section        0  printfa.o(i._printf_core)
    _printf_core                             0x08002881   Thumb Code  1744  printfa.o(i._printf_core)
    i._printf_post_padding                   0x08002f5c   Section        0  printfa.o(i._printf_post_padding)
    _printf_post_padding                     0x08002f5d   Thumb Code    36  printfa.o(i._printf_post_padding)
    i._printf_pre_padding                    0x08002f80   Section        0  printfa.o(i._printf_pre_padding)
    _printf_pre_padding                      0x08002f81   Thumb Code    46  printfa.o(i._printf_pre_padding)
    i._sputc                                 0x08002fae   Section        0  printfa.o(i._sputc)
    _sputc                                   0x08002faf   Thumb Code    10  printfa.o(i._sputc)
    i.atk_8266_check_cmd                     0x08002fb8   Section        0  common.o(i.atk_8266_check_cmd)
    i.atk_8266_send_cmd                      0x08002fdc   Section        0  common.o(i.atk_8266_send_cmd)
    i.atk_8266_test                          0x08003034   Section        0  common.o(i.atk_8266_test)
    i.atk_8266_wifista_test                  0x08003038   Section        0  common.o(i.atk_8266_wifista_test)
    i.delay_ms                               0x0800315c   Section        0  delay.o(i.delay_ms)
    i.iniSetting                             0x0800319c   Section        0  freertos.o(i.iniSetting)
    i.main                                   0x080031e4   Section        0  main.o(i.main)
    i.makeFreeRtosPriority                   0x0800321e   Section        0  cmsis_os.o(i.makeFreeRtosPriority)
    makeFreeRtosPriority                     0x0800321f   Thumb Code    12  cmsis_os.o(i.makeFreeRtosPriority)
    i.modbus_onebit                          0x0800322c   Section        0  modbus.o(i.modbus_onebit)
    i.osDelay                                0x080032d4   Section        0  cmsis_os.o(i.osDelay)
    i.osKernelStart                          0x080032e2   Section        0  cmsis_os.o(i.osKernelStart)
    i.osThreadCreate                         0x080032ec   Section        0  cmsis_os.o(i.osThreadCreate)
    i.prvAddCurrentTaskToDelayedList         0x08003340   Section        0  tasks.o(i.prvAddCurrentTaskToDelayedList)
    prvAddCurrentTaskToDelayedList           0x08003341   Thumb Code   102  tasks.o(i.prvAddCurrentTaskToDelayedList)
    i.prvAddNewTaskToReadyList               0x080033b0   Section        0  tasks.o(i.prvAddNewTaskToReadyList)
    prvAddNewTaskToReadyList                 0x080033b1   Thumb Code   194  tasks.o(i.prvAddNewTaskToReadyList)
    i.prvDeleteTCB                           0x08003480   Section        0  tasks.o(i.prvDeleteTCB)
    prvDeleteTCB                             0x08003481   Thumb Code    52  tasks.o(i.prvDeleteTCB)
    i.prvHeapInit                            0x080034b4   Section        0  heap_4.o(i.prvHeapInit)
    prvHeapInit                              0x080034b5   Thumb Code    66  heap_4.o(i.prvHeapInit)
    i.prvIdleTask                            0x08003500   Section        0  tasks.o(i.prvIdleTask)
    prvIdleTask                              0x08003501   Thumb Code    82  tasks.o(i.prvIdleTask)
    i.prvInitialiseNewTask                   0x08003560   Section        0  tasks.o(i.prvInitialiseNewTask)
    prvInitialiseNewTask                     0x08003561   Thumb Code   152  tasks.o(i.prvInitialiseNewTask)
    i.prvInsertBlockIntoFreeList             0x080035f8   Section        0  heap_4.o(i.prvInsertBlockIntoFreeList)
    prvInsertBlockIntoFreeList               0x080035f9   Thumb Code    72  heap_4.o(i.prvInsertBlockIntoFreeList)
    i.prvResetNextTaskUnblockTime            0x08003644   Section        0  tasks.o(i.prvResetNextTaskUnblockTime)
    prvResetNextTaskUnblockTime              0x08003645   Thumb Code    26  tasks.o(i.prvResetNextTaskUnblockTime)
    i.prvTaskExitError                       0x08003664   Section        0  port.o(i.prvTaskExitError)
    prvTaskExitError                         0x08003665   Thumb Code    36  port.o(i.prvTaskExitError)
    i.pvPortMalloc                           0x0800368c   Section        0  heap_4.o(i.pvPortMalloc)
    i.pxPortInitialiseStack                  0x08003764   Section        0  port.o(i.pxPortInitialiseStack)
    i.u3_printf                              0x08003790   Section        0  usart.o(i.u3_printf)
    i.user_pwm_setvalue                      0x080037d0   Section        0  freertos.o(i.user_pwm_setvalue)
    i.uxListRemove                           0x080037fc   Section        0  list.o(i.uxListRemove)
    i.vApplicationGetIdleTaskMemory          0x08003824   Section        0  freertos.o(i.vApplicationGetIdleTaskMemory)
    i.vListInitialise                        0x08003838   Section        0  list.o(i.vListInitialise)
    i.vListInitialiseItem                    0x0800384e   Section        0  list.o(i.vListInitialiseItem)
    i.vListInsert                            0x08003854   Section        0  list.o(i.vListInsert)
    i.vListInsertEnd                         0x08003884   Section        0  list.o(i.vListInsertEnd)
    i.vPortEnterCritical                     0x0800389c   Section        0  port.o(i.vPortEnterCritical)
    i.vPortExitCritical                      0x080038dc   Section        0  port.o(i.vPortExitCritical)
    i.vPortFree                              0x08003904   Section        0  heap_4.o(i.vPortFree)
    i.vPortSetupTimerInterrupt               0x08003960   Section        0  port.o(i.vPortSetupTimerInterrupt)
    i.vTaskDelay                             0x08003984   Section        0  tasks.o(i.vTaskDelay)
    i.vTaskStartScheduler                    0x080039d0   Section        0  tasks.o(i.vTaskStartScheduler)
    i.vTaskSuspendAll                        0x08003a3c   Section        0  tasks.o(i.vTaskSuspendAll)
    i.vTaskSwitchContext                     0x08003a4c   Section        0  tasks.o(i.vTaskSwitchContext)
    i.xPortStartScheduler                    0x08003aa8   Section        0  port.o(i.xPortStartScheduler)
    i.xPortSysTickHandler                    0x08003b9c   Section        0  port.o(i.xPortSysTickHandler)
    i.xTaskCreate                            0x08003bc8   Section        0  tasks.o(i.xTaskCreate)
    i.xTaskCreateStatic                      0x08003c22   Section        0  tasks.o(i.xTaskCreateStatic)
    i.xTaskGetSchedulerState                 0x08003c78   Section        0  tasks.o(i.xTaskGetSchedulerState)
    i.xTaskIncrementTick                     0x08003c94   Section        0  tasks.o(i.xTaskIncrementTick)
    i.xTaskResumeAll                         0x08003d5c   Section        0  tasks.o(i.xTaskResumeAll)
    .constdata                               0x08003e20   Section       56  freertos.o(.constdata)
    .constdata                               0x08003e58   Section       16  system_stm32f4xx.o(.constdata)
    .constdata                               0x08003e68   Section        8  system_stm32f4xx.o(.constdata)
    .conststring                             0x08003e70   Section       24  freertos.o(.conststring)
    .data                                    0x20000000   Section       40  freertos.o(.data)
    .data                                    0x20000028   Section        4  freertos.o(.data)
    .data                                    0x2000002c   Section       12  stm32f4xx_hal.o(.data)
    .data                                    0x20000038   Section        4  system_stm32f4xx.o(.data)
    .data                                    0x2000003c   Section       60  tasks.o(.data)
    pxDelayedTaskList                        0x20000040   Data           4  tasks.o(.data)
    pxOverflowDelayedTaskList                0x20000044   Data           4  tasks.o(.data)
    uxDeletedTasksWaitingCleanUp             0x20000048   Data           4  tasks.o(.data)
    uxCurrentNumberOfTasks                   0x2000004c   Data           4  tasks.o(.data)
    xTickCount                               0x20000050   Data           4  tasks.o(.data)
    uxTopReadyPriority                       0x20000054   Data           4  tasks.o(.data)
    xSchedulerRunning                        0x20000058   Data           4  tasks.o(.data)
    uxPendedTicks                            0x2000005c   Data           4  tasks.o(.data)
    xYieldPending                            0x20000060   Data           4  tasks.o(.data)
    xNumOfOverflows                          0x20000064   Data           4  tasks.o(.data)
    uxTaskNumber                             0x20000068   Data           4  tasks.o(.data)
    xNextTaskUnblockTime                     0x2000006c   Data           4  tasks.o(.data)
    xIdleTaskHandle                          0x20000070   Data           4  tasks.o(.data)
    uxSchedulerSuspended                     0x20000074   Data           4  tasks.o(.data)
    .data                                    0x20000078   Section       24  heap_4.o(.data)
    pxEnd                                    0x20000078   Data           4  heap_4.o(.data)
    xFreeBytesRemaining                      0x2000007c   Data           4  heap_4.o(.data)
    xMinimumEverFreeBytesRemaining           0x20000080   Data           4  heap_4.o(.data)
    xBlockAllocatedBit                       0x20000084   Data           4  heap_4.o(.data)
    xStart                                   0x20000088   Data           8  heap_4.o(.data)
    .data                                    0x20000090   Section       12  port.o(.data)
    ucMaxSysCallPriority                     0x20000090   Data           1  port.o(.data)
    uxCriticalNesting                        0x20000094   Data           4  port.o(.data)
    ulMaxPRIGROUPValue                       0x20000098   Data           4  port.o(.data)
    .data                                    0x2000009c   Section        2  common.o(.data)
    .data                                    0x200000a0   Section       20  modbus.o(.data)
    .data                                    0x200000b4   Section       34  rs485.o(.data)
    .bss                                     0x200000d8   Section      996  freertos.o(.bss)
    xIdleTaskTCBBuffer                       0x20000268   Data          84  freertos.o(.bss)
    xIdleStack                               0x200002bc   Data         512  freertos.o(.bss)
    .bss                                     0x200004bc   Section      256  tim.o(.bss)
    .bss                                     0x200005c0   Section     1056  usart.o(.bss)
    .bss                                     0x200009e0   Section      800  usart.o(.bss)
    .bss                                     0x20000d00   Section      240  tasks.o(.bss)
    pxReadyTasksLists                        0x20000d00   Data         140  tasks.o(.bss)
    xDelayedTaskList1                        0x20000d8c   Data          20  tasks.o(.bss)
    xDelayedTaskList2                        0x20000da0   Data          20  tasks.o(.bss)
    xPendingReadyList                        0x20000db4   Data          20  tasks.o(.bss)
    xTasksWaitingTermination                 0x20000dc8   Data          20  tasks.o(.bss)
    xSuspendedTaskList                       0x20000ddc   Data          20  tasks.o(.bss)
    .bss                                     0x20000df0   Section    15360  heap_4.o(.bss)
    ucHeap                                   0x20000df0   Data       15360  heap_4.o(.bss)
    .bss                                     0x200049f0   Section      300  modbus.o(.bss)
    STACK                                    0x20004b20   Section     1024  startup_stm32f407xx.o(STACK)

    Global Symbols

    Symbol Name                              Value     Ov Type        Size  Object(Section)

    BuildAttributes$$THM_ISAv4$E$P$D$K$B$S$7EM$VFPi3$EXTD16$VFPS$VFMA$PE$A:L22UL41UL21$X:L11$S22US41US21$IEEE1$IW$USESV6$~STKCKD$USESV7$~SHL$OSPACE$ROPI$EBA8$MICROLIB$REQ8$PRES8$EABIv2 0x00000000   Number         0  anon$$obj.o ABSOLUTE
    __ARM_use_no_argv                        0x00000000   Number         0  main.o ABSOLUTE
    __cpp_initialize__aeabi_                  - Undefined Weak Reference
    __cxa_finalize                            - Undefined Weak Reference
    __decompress                              - Undefined Weak Reference
    _clock_init                               - Undefined Weak Reference
    _microlib_exit                            - Undefined Weak Reference
    __Vectors_Size                           0x00000188   Number         0  startup_stm32f407xx.o ABSOLUTE
    __Vectors                                0x08000000   Data           4  startup_stm32f407xx.o(RESET)
    __Vectors_End                            0x08000188   Data           0  startup_stm32f407xx.o(RESET)
    __main                                   0x08000189   Thumb Code     0  entry.o(.ARM.Collect$$$$00000000)
    _main_stk                                0x08000189   Thumb Code     0  entry2.o(.ARM.Collect$$$$00000001)
    _main_scatterload                        0x0800018d   Thumb Code     0  entry5.o(.ARM.Collect$$$$00000004)
    __main_after_scatterload                 0x08000191   Thumb Code     0  entry5.o(.ARM.Collect$$$$00000004)
    _main_clock                              0x08000191   Thumb Code     0  entry7b.o(.ARM.Collect$$$$00000008)
    _main_cpp_init                           0x08000191   Thumb Code     0  entry8b.o(.ARM.Collect$$$$0000000A)
    _main_init                               0x08000191   Thumb Code     0  entry9a.o(.ARM.Collect$$$$0000000B)
    __rt_final_cpp                           0x08000199   Thumb Code     0  entry10a.o(.ARM.Collect$$$$0000000D)
    __rt_final_exit                          0x08000199   Thumb Code     0  entry11a.o(.ARM.Collect$$$$0000000F)
    SVC_Handler                              0x0800019d   Thumb Code    28  port.o(.emb_text)
    __asm___6_port_c_39a90d8d__prvStartFirstTask 0x080001bd   Thumb Code    36  port.o(.emb_text)
    __asm___6_port_c_39a90d8d__prvEnableVFP  0x080001e5   Thumb Code    16  port.o(.emb_text)
    PendSV_Handler                           0x080001f9   Thumb Code    88  port.o(.emb_text)
    vPortGetIPSR                             0x08000255   Thumb Code     6  port.o(.emb_text)
    Reset_Handler                            0x0800025d   Thumb Code     8  startup_stm32f407xx.o(.text)
    ADC_IRQHandler                           0x08000277   Thumb Code     0  startup_stm32f407xx.o(.text)
    CAN1_RX0_IRQHandler                      0x08000277   Thumb Code     0  startup_stm32f407xx.o(.text)
    CAN1_RX1_IRQHandler                      0x08000277   Thumb Code     0  startup_stm32f407xx.o(.text)
    CAN1_SCE_IRQHandler                      0x08000277   Thumb Code     0  startup_stm32f407xx.o(.text)
    CAN1_TX_IRQHandler                       0x08000277   Thumb Code     0  startup_stm32f407xx.o(.text)
    CAN2_RX0_IRQHandler                      0x08000277   Thumb Code     0  startup_stm32f407xx.o(.text)
    CAN2_RX1_IRQHandler                      0x08000277   Thumb Code     0  startup_stm32f407xx.o(.text)
    CAN2_SCE_IRQHandler                      0x08000277   Thumb Code     0  startup_stm32f407xx.o(.text)
    CAN2_TX_IRQHandler                       0x08000277   Thumb Code     0  startup_stm32f407xx.o(.text)
    DCMI_IRQHandler                          0x08000277   Thumb Code     0  startup_stm32f407xx.o(.text)
    DMA1_Stream0_IRQHandler                  0x08000277   Thumb Code     0  startup_stm32f407xx.o(.text)
    DMA1_Stream1_IRQHandler                  0x08000277   Thumb Code     0  startup_stm32f407xx.o(.text)
    DMA1_Stream2_IRQHandler                  0x08000277   Thumb Code     0  startup_stm32f407xx.o(.text)
    DMA1_Stream3_IRQHandler                  0x08000277   Thumb Code     0  startup_stm32f407xx.o(.text)
    DMA1_Stream4_IRQHandler                  0x08000277   Thumb Code     0  startup_stm32f407xx.o(.text)
    DMA1_Stream5_IRQHandler                  0x08000277   Thumb Code     0  startup_stm32f407xx.o(.text)
    DMA1_Stream6_IRQHandler                  0x08000277   Thumb Code     0  startup_stm32f407xx.o(.text)
    DMA1_Stream7_IRQHandler                  0x08000277   Thumb Code     0  startup_stm32f407xx.o(.text)
    DMA2_Stream0_IRQHandler                  0x08000277   Thumb Code     0  startup_stm32f407xx.o(.text)
    DMA2_Stream1_IRQHandler                  0x08000277   Thumb Code     0  startup_stm32f407xx.o(.text)
    DMA2_Stream2_IRQHandler                  0x08000277   Thumb Code     0  startup_stm32f407xx.o(.text)
    DMA2_Stream3_IRQHandler                  0x08000277   Thumb Code     0  startup_stm32f407xx.o(.text)
    DMA2_Stream4_IRQHandler                  0x08000277   Thumb Code     0  startup_stm32f407xx.o(.text)
    DMA2_Stream5_IRQHandler                  0x08000277   Thumb Code     0  startup_stm32f407xx.o(.text)
    DMA2_Stream6_IRQHandler                  0x08000277   Thumb Code     0  startup_stm32f407xx.o(.text)
    DMA2_Stream7_IRQHandler                  0x08000277   Thumb Code     0  startup_stm32f407xx.o(.text)
    ETH_IRQHandler                           0x08000277   Thumb Code     0  startup_stm32f407xx.o(.text)
    ETH_WKUP_IRQHandler                      0x08000277   Thumb Code     0  startup_stm32f407xx.o(.text)
    EXTI0_IRQHandler                         0x08000277   Thumb Code     0  startup_stm32f407xx.o(.text)
    EXTI15_10_IRQHandler                     0x08000277   Thumb Code     0  startup_stm32f407xx.o(.text)
    EXTI1_IRQHandler                         0x08000277   Thumb Code     0  startup_stm32f407xx.o(.text)
    EXTI2_IRQHandler                         0x08000277   Thumb Code     0  startup_stm32f407xx.o(.text)
    EXTI3_IRQHandler                         0x08000277   Thumb Code     0  startup_stm32f407xx.o(.text)
    EXTI4_IRQHandler                         0x08000277   Thumb Code     0  startup_stm32f407xx.o(.text)
    EXTI9_5_IRQHandler                       0x08000277   Thumb Code     0  startup_stm32f407xx.o(.text)
    FLASH_IRQHandler                         0x08000277   Thumb Code     0  startup_stm32f407xx.o(.text)
    FMC_IRQHandler                           0x08000277   Thumb Code     0  startup_stm32f407xx.o(.text)
    FPU_IRQHandler                           0x08000277   Thumb Code     0  startup_stm32f407xx.o(.text)
    HASH_RNG_IRQHandler                      0x08000277   Thumb Code     0  startup_stm32f407xx.o(.text)
    I2C1_ER_IRQHandler                       0x08000277   Thumb Code     0  startup_stm32f407xx.o(.text)
    I2C1_EV_IRQHandler                       0x08000277   Thumb Code     0  startup_stm32f407xx.o(.text)
    I2C2_ER_IRQHandler                       0x08000277   Thumb Code     0  startup_stm32f407xx.o(.text)
    I2C2_EV_IRQHandler                       0x08000277   Thumb Code     0  startup_stm32f407xx.o(.text)
    I2C3_ER_IRQHandler                       0x08000277   Thumb Code     0  startup_stm32f407xx.o(.text)
    I2C3_EV_IRQHandler                       0x08000277   Thumb Code     0  startup_stm32f407xx.o(.text)
    OTG_FS_IRQHandler                        0x08000277   Thumb Code     0  startup_stm32f407xx.o(.text)
    OTG_FS_WKUP_IRQHandler                   0x08000277   Thumb Code     0  startup_stm32f407xx.o(.text)
    OTG_HS_EP1_IN_IRQHandler                 0x08000277   Thumb Code     0  startup_stm32f407xx.o(.text)
    OTG_HS_EP1_OUT_IRQHandler                0x08000277   Thumb Code     0  startup_stm32f407xx.o(.text)
    OTG_HS_IRQHandler                        0x08000277   Thumb Code     0  startup_stm32f407xx.o(.text)
    OTG_HS_WKUP_IRQHandler                   0x08000277   Thumb Code     0  startup_stm32f407xx.o(.text)
    PVD_IRQHandler                           0x08000277   Thumb Code     0  startup_stm32f407xx.o(.text)
    RCC_IRQHandler                           0x08000277   Thumb Code     0  startup_stm32f407xx.o(.text)
    RTC_Alarm_IRQHandler                     0x08000277   Thumb Code     0  startup_stm32f407xx.o(.text)
    RTC_WKUP_IRQHandler                      0x08000277   Thumb Code     0  startup_stm32f407xx.o(.text)
    SDIO_IRQHandler                          0x08000277   Thumb Code     0  startup_stm32f407xx.o(.text)
    SPI1_IRQHandler                          0x08000277   Thumb Code     0  startup_stm32f407xx.o(.text)
    SPI2_IRQHandler                          0x08000277   Thumb Code     0  startup_stm32f407xx.o(.text)
    SPI3_IRQHandler                          0x08000277   Thumb Code     0  startup_stm32f407xx.o(.text)
    TAMP_STAMP_IRQHandler                    0x08000277   Thumb Code     0  startup_stm32f407xx.o(.text)
    TIM1_BRK_TIM9_IRQHandler                 0x08000277   Thumb Code     0  startup_stm32f407xx.o(.text)
    TIM1_CC_IRQHandler                       0x08000277   Thumb Code     0  startup_stm32f407xx.o(.text)
    TIM1_TRG_COM_TIM11_IRQHandler            0x08000277   Thumb Code     0  startup_stm32f407xx.o(.text)
    TIM1_UP_TIM10_IRQHandler                 0x08000277   Thumb Code     0  startup_stm32f407xx.o(.text)
    TIM2_IRQHandler                          0x08000277   Thumb Code     0  startup_stm32f407xx.o(.text)
    TIM3_IRQHandler                          0x08000277   Thumb Code     0  startup_stm32f407xx.o(.text)
    TIM4_IRQHandler                          0x08000277   Thumb Code     0  startup_stm32f407xx.o(.text)
    TIM5_IRQHandler                          0x08000277   Thumb Code     0  startup_stm32f407xx.o(.text)
    TIM6_DAC_IRQHandler                      0x08000277   Thumb Code     0  startup_stm32f407xx.o(.text)
    TIM7_IRQHandler                          0x08000277   Thumb Code     0  startup_stm32f407xx.o(.text)
    TIM8_BRK_TIM12_IRQHandler                0x08000277   Thumb Code     0  startup_stm32f407xx.o(.text)
    TIM8_CC_IRQHandler                       0x08000277   Thumb Code     0  startup_stm32f407xx.o(.text)
    TIM8_TRG_COM_TIM14_IRQHandler            0x08000277   Thumb Code     0  startup_stm32f407xx.o(.text)
    TIM8_UP_TIM13_IRQHandler                 0x08000277   Thumb Code     0  startup_stm32f407xx.o(.text)
    UART4_IRQHandler                         0x08000277   Thumb Code     0  startup_stm32f407xx.o(.text)
    UART5_IRQHandler                         0x08000277   Thumb Code     0  startup_stm32f407xx.o(.text)
    USART2_IRQHandler                        0x08000277   Thumb Code     0  startup_stm32f407xx.o(.text)
    WWDG_IRQHandler                          0x08000277   Thumb Code     0  startup_stm32f407xx.o(.text)
    __aeabi_uldivmod                         0x08000281   Thumb Code    98  uldiv.o(.text)
    __aeabi_memcpy                           0x080002e3   Thumb Code    36  memcpya.o(.text)
    __aeabi_memcpy4                          0x080002e3   Thumb Code     0  memcpya.o(.text)
    __aeabi_memcpy8                          0x080002e3   Thumb Code     0  memcpya.o(.text)
    __aeabi_memset                           0x08000307   Thumb Code    14  memseta.o(.text)
    __aeabi_memset4                          0x08000307   Thumb Code     0  memseta.o(.text)
    __aeabi_memset8                          0x08000307   Thumb Code     0  memseta.o(.text)
    __aeabi_memclr                           0x08000315   Thumb Code     4  memseta.o(.text)
    __aeabi_memclr4                          0x08000315   Thumb Code     0  memseta.o(.text)
    __aeabi_memclr8                          0x08000315   Thumb Code     0  memseta.o(.text)
    memset                                   0x08000319   Thumb Code    18  memseta.o(.text)
    strstr                                   0x0800032b   Thumb Code    36  strstr.o(.text)
    strlen                                   0x0800034f   Thumb Code    14  strlen.o(.text)
    __aeabi_uidiv                            0x0800035d   Thumb Code     0  uidiv.o(.text)
    __aeabi_uidivmod                         0x0800035d   Thumb Code    44  uidiv.o(.text)
    __aeabi_llsl                             0x08000389   Thumb Code    30  llshl.o(.text)
    _ll_shift_l                              0x08000389   Thumb Code     0  llshl.o(.text)
    __aeabi_llsr                             0x080003a7   Thumb Code    32  llushr.o(.text)
    _ll_ushift_r                             0x080003a7   Thumb Code     0  llushr.o(.text)
    __I$use$fp                               0x080003c7   Thumb Code     0  iusefp.o(.text)
    __aeabi_dadd                             0x080003c7   Thumb Code   322  dadd.o(.text)
    __aeabi_dsub                             0x08000509   Thumb Code     6  dadd.o(.text)
    __aeabi_drsub                            0x0800050f   Thumb Code     6  dadd.o(.text)
    __aeabi_dmul                             0x08000515   Thumb Code   228  dmul.o(.text)
    __aeabi_ddiv                             0x080005f9   Thumb Code   222  ddiv.o(.text)
    __aeabi_d2ulz                            0x080006d7   Thumb Code    48  dfixul.o(.text)
    __aeabi_cdrcmple                         0x08000709   Thumb Code    48  cdrcmple.o(.text)
    __scatterload                            0x08000739   Thumb Code    28  init.o(.text)
    __scatterload_rt2                        0x08000739   Thumb Code     0  init.o(.text)
    __aeabi_lasr                             0x0800075d   Thumb Code    36  llsshr.o(.text)
    _ll_sshift_r                             0x0800075d   Thumb Code     0  llsshr.o(.text)
    _double_round                            0x08000781   Thumb Code    30  depilogue.o(.text)
    _double_epilogue                         0x0800079f   Thumb Code   156  depilogue.o(.text)
    BusFault_Handler                         0x0800083b   Thumb Code     2  stm32f4xx_it.o(i.BusFault_Handler)
    CrcCheck                                 0x0800083d   Thumb Code    56  modbus.o(i.CrcCheck)
    DebugMon_Handler                         0x08000875   Thumb Code     2  stm32f4xx_it.o(i.DebugMon_Handler)
    Error_Handler                            0x08000877   Thumb Code     2  main.o(i.Error_Handler)
    HAL_DMA_Abort_IT                         0x08000879   Thumb Code    36  stm32f4xx_hal_dma.o(i.HAL_DMA_Abort_IT)
    HAL_GPIO_Init                            0x0800089d   Thumb Code   394  stm32f4xx_hal_gpio.o(i.HAL_GPIO_Init)
    HAL_GPIO_WritePin                        0x08000a55   Thumb Code    10  stm32f4xx_hal_gpio.o(i.HAL_GPIO_WritePin)
    HAL_GetTick                              0x08000a61   Thumb Code     6  stm32f4xx_hal.o(i.HAL_GetTick)
    HAL_IncTick                              0x08000a6d   Thumb Code    12  stm32f4xx_hal.o(i.HAL_IncTick)
    HAL_Init                                 0x08000a7d   Thumb Code    48  stm32f4xx_hal.o(i.HAL_Init)
    HAL_InitTick                             0x08000ab1   Thumb Code    54  stm32f4xx_hal.o(i.HAL_InitTick)
    HAL_MspInit                              0x08000af1   Thumb Code    52  stm32f4xx_hal_msp.o(i.HAL_MspInit)
    HAL_NVIC_EnableIRQ                       0x08000b29   Thumb Code    26  stm32f4xx_hal_cortex.o(i.HAL_NVIC_EnableIRQ)
    HAL_NVIC_SetPriority                     0x08000b45   Thumb Code    60  stm32f4xx_hal_cortex.o(i.HAL_NVIC_SetPriority)
    HAL_NVIC_SetPriorityGrouping             0x08000b85   Thumb Code    26  stm32f4xx_hal_cortex.o(i.HAL_NVIC_SetPriorityGrouping)
    HAL_RCC_ClockConfig                      0x08000ba9   Thumb Code   288  stm32f4xx_hal_rcc.o(i.HAL_RCC_ClockConfig)
    HAL_RCC_GetPCLK1Freq                     0x08000cdd   Thumb Code    20  stm32f4xx_hal_rcc.o(i.HAL_RCC_GetPCLK1Freq)
    HAL_RCC_GetPCLK2Freq                     0x08000cfd   Thumb Code    20  stm32f4xx_hal_rcc.o(i.HAL_RCC_GetPCLK2Freq)
    HAL_RCC_GetSysClockFreq                  0x08000d1d   Thumb Code    88  stm32f4xx_hal_rcc.o(i.HAL_RCC_GetSysClockFreq)
    HAL_RCC_OscConfig                        0x08000d7d   Thumb Code   840  stm32f4xx_hal_rcc.o(i.HAL_RCC_OscConfig)
    HAL_SYSTICK_Config                       0x080010d9   Thumb Code    40  stm32f4xx_hal_cortex.o(i.HAL_SYSTICK_Config)
    HAL_TIMEx_MasterConfigSynchronization    0x08001101   Thumb Code   116  stm32f4xx_hal_tim_ex.o(i.HAL_TIMEx_MasterConfigSynchronization)
    HAL_TIM_Base_Init                        0x08001191   Thumb Code    54  stm32f4xx_hal_tim.o(i.HAL_TIM_Base_Init)
    HAL_TIM_Base_MspInit                     0x080011c9   Thumb Code    78  tim.o(i.HAL_TIM_Base_MspInit)
    HAL_TIM_MspPostInit                      0x08001229   Thumb Code    70  tim.o(i.HAL_TIM_MspPostInit)
    HAL_TIM_PWM_ConfigChannel                0x0800127d   Thumb Code   208  stm32f4xx_hal_tim.o(i.HAL_TIM_PWM_ConfigChannel)
    HAL_TIM_PWM_Init                         0x0800134d   Thumb Code    54  stm32f4xx_hal_tim.o(i.HAL_TIM_PWM_Init)
    HAL_TIM_PWM_MspInit                      0x08001385   Thumb Code    30  tim.o(i.HAL_TIM_PWM_MspInit)
    HAL_TIM_PWM_Start                        0x080013ad   Thumb Code    58  stm32f4xx_hal_tim.o(i.HAL_TIM_PWM_Start)
    HAL_UART_ErrorCallback                   0x080013f1   Thumb Code     2  stm32f4xx_hal_uart.o(i.HAL_UART_ErrorCallback)
    HAL_UART_IRQHandler                      0x080013f5   Thumb Code   270  stm32f4xx_hal_uart.o(i.HAL_UART_IRQHandler)
    HAL_UART_Init                            0x08001509   Thumb Code    98  stm32f4xx_hal_uart.o(i.HAL_UART_Init)
    HAL_UART_MspInit                         0x0800156d   Thumb Code   322  usart.o(i.HAL_UART_MspInit)
    HAL_UART_Receive_IT                      0x080016d1   Thumb Code    82  stm32f4xx_hal_uart.o(i.HAL_UART_Receive_IT)
    HAL_UART_RxCpltCallback                  0x08001723   Thumb Code     2  stm32f4xx_hal_uart.o(i.HAL_UART_RxCpltCallback)
    HAL_UART_Transmit                        0x08001725   Thumb Code   186  stm32f4xx_hal_uart.o(i.HAL_UART_Transmit)
    HAL_UART_TxCpltCallback                  0x080017df   Thumb Code     2  stm32f4xx_hal_uart.o(i.HAL_UART_TxCpltCallback)
    HardFault_Handler                        0x080017e1   Thumb Code     2  stm32f4xx_it.o(i.HardFault_Handler)
    MX_FREERTOS_Init                         0x080017e5   Thumb Code   138  freertos.o(i.MX_FREERTOS_Init)
    MX_GPIO_Init                             0x0800188d   Thumb Code   200  gpio.o(i.MX_GPIO_Init)
    MX_TIM10_Init                            0x08001965   Thumb Code    46  tim.o(i.MX_TIM10_Init)
    MX_TIM14_Init                            0x0800199d   Thumb Code    44  tim.o(i.MX_TIM14_Init)
    MX_TIM4_Init                             0x080019d1   Thumb Code   102  tim.o(i.MX_TIM4_Init)
    MX_TIM7_Init                             0x08001a41   Thumb Code    62  tim.o(i.MX_TIM7_Init)
    MX_USART1_UART_Init                      0x08001a89   Thumb Code    48  usart.o(i.MX_USART1_UART_Init)
    MX_USART2_UART_Init                      0x08001ac1   Thumb Code    48  usart.o(i.MX_USART2_UART_Init)
    MX_USART3_UART_Init                      0x08001af9   Thumb Code    48  usart.o(i.MX_USART3_UART_Init)
    MX_USART6_UART_Init                      0x08001b31   Thumb Code    48  usart.o(i.MX_USART6_UART_Init)
    MemManage_Handler                        0x08001b69   Thumb Code     2  stm32f4xx_it.o(i.MemManage_Handler)
    NMI_Handler                              0x08001b6b   Thumb Code     2  stm32f4xx_it.o(i.NMI_Handler)
    RS485_Send_Data                          0x08001b6d   Thumb Code    14  rs485.o(i.RS485_Send_Data)
    RS485_getDioxideValue                    0x08001b81   Thumb Code    66  rs485.o(i.RS485_getDioxideValue)
    RS485_getFlourValue                      0x08001bcd   Thumb Code    66  rs485.o(i.RS485_getFlourValue)
    RS485_getLightValue                      0x08001c19   Thumb Code    66  rs485.o(i.RS485_getLightValue)
    RS485_getTempAndHumidValue               0x08001c65   Thumb Code   106  rs485.o(i.RS485_getTempAndHumidValue)
    ReadHoldRegister                         0x08001cd9   Thumb Code   248  modbus.o(i.ReadHoldRegister)
    StartDefaultTask                         0x08001dd9   Thumb Code   376  freertos.o(i.StartDefaultTask)
    StartTask02                              0x08001f61   Thumb Code   108  freertos.o(i.StartTask02)
    SysTick_Handler                          0x08001fd5   Thumb Code    24  stm32f4xx_it.o(i.SysTick_Handler)
    SystemClock_Config                       0x08001fed   Thumb Code   124  main.o(i.SystemClock_Config)
    SystemInit                               0x08002071   Thumb Code    22  system_stm32f4xx.o(i.SystemInit)
    TIM_Base_SetConfig                       0x0800208d   Thumb Code   156  stm32f4xx_hal_tim.o(i.TIM_Base_SetConfig)
    TIM_CCxChannelCmd                        0x08002155   Thumb Code    26  stm32f4xx_hal_tim.o(i.TIM_CCxChannelCmd)
    TIM_OC2_SetConfig                        0x080021d1   Thumb Code    98  stm32f4xx_hal_tim.o(i.TIM_OC2_SetConfig)
    USART1_IRQHandler                        0x080025a9   Thumb Code    90  stm32f4xx_it.o(i.USART1_IRQHandler)
    USART3_IRQHandler                        0x08002619   Thumb Code    92  stm32f4xx_it.o(i.USART3_IRQHandler)
    USART6_IRQHandler                        0x08002689   Thumb Code     6  stm32f4xx_it.o(i.USART6_IRQHandler)
    UsageFault_Handler                       0x08002695   Thumb Code     2  stm32f4xx_it.o(i.UsageFault_Handler)
    __0vsprintf                              0x08002699   Thumb Code    30  printfa.o(i.__0vsprintf)
    __1vsprintf                              0x08002699   Thumb Code     0  printfa.o(i.__0vsprintf)
    __2vsprintf                              0x08002699   Thumb Code     0  printfa.o(i.__0vsprintf)
    __c89vsprintf                            0x08002699   Thumb Code     0  printfa.o(i.__0vsprintf)
    vsprintf                                 0x08002699   Thumb Code     0  printfa.o(i.__0vsprintf)
    __scatterload_copy                       0x080026dd   Thumb Code    14  handlers.o(i.__scatterload_copy)
    __scatterload_null                       0x080026eb   Thumb Code     2  handlers.o(i.__scatterload_null)
    __scatterload_zeroinit                   0x080026ed   Thumb Code    14  handlers.o(i.__scatterload_zeroinit)
    atk_8266_check_cmd                       0x08002fb9   Thumb Code    28  common.o(i.atk_8266_check_cmd)
    atk_8266_send_cmd                        0x08002fdd   Thumb Code    76  common.o(i.atk_8266_send_cmd)
    atk_8266_test                            0x08003035   Thumb Code     4  common.o(i.atk_8266_test)
    atk_8266_wifista_test                    0x08003039   Thumb Code   146  common.o(i.atk_8266_wifista_test)
    delay_ms                                 0x0800315d   Thumb Code    60  delay.o(i.delay_ms)
    iniSetting                               0x0800319d   Thumb Code    68  freertos.o(i.iniSetting)
    main                                     0x080031e5   Thumb Code    58  main.o(i.main)
    modbus_onebit                            0x0800322d   Thumb Code   158  modbus.o(i.modbus_onebit)
    osDelay                                  0x080032d5   Thumb Code    14  cmsis_os.o(i.osDelay)
    osKernelStart                            0x080032e3   Thumb Code    10  cmsis_os.o(i.osKernelStart)
    osThreadCreate                           0x080032ed   Thumb Code    84  cmsis_os.o(i.osThreadCreate)
    pvPortMalloc                             0x0800368d   Thumb Code   210  heap_4.o(i.pvPortMalloc)
    pxPortInitialiseStack                    0x08003765   Thumb Code    40  port.o(i.pxPortInitialiseStack)
    u3_printf                                0x08003791   Thumb Code    56  usart.o(i.u3_printf)
    user_pwm_setvalue                        0x080037d1   Thumb Code    38  freertos.o(i.user_pwm_setvalue)
    uxListRemove                             0x080037fd   Thumb Code    38  list.o(i.uxListRemove)
    vApplicationGetIdleTaskMemory            0x08003825   Thumb Code    16  freertos.o(i.vApplicationGetIdleTaskMemory)
    vListInitialise                          0x08003839   Thumb Code    22  list.o(i.vListInitialise)
    vListInitialiseItem                      0x0800384f   Thumb Code     6  list.o(i.vListInitialiseItem)
    vListInsert                              0x08003855   Thumb Code    48  list.o(i.vListInsert)
    vListInsertEnd                           0x08003885   Thumb Code    24  list.o(i.vListInsertEnd)
    vPortEnterCritical                       0x0800389d   Thumb Code    54  port.o(i.vPortEnterCritical)
    vPortExitCritical                        0x080038dd   Thumb Code    34  port.o(i.vPortExitCritical)
    vPortFree                                0x08003905   Thumb Code    88  heap_4.o(i.vPortFree)
    vPortSetupTimerInterrupt                 0x08003961   Thumb Code    32  port.o(i.vPortSetupTimerInterrupt)
    vTaskDelay                               0x08003985   Thumb Code    66  tasks.o(i.vTaskDelay)
    vTaskStartScheduler                      0x080039d1   Thumb Code    90  tasks.o(i.vTaskStartScheduler)
    vTaskSuspendAll                          0x08003a3d   Thumb Code    10  tasks.o(i.vTaskSuspendAll)
    vTaskSwitchContext                       0x08003a4d   Thumb Code    82  tasks.o(i.vTaskSwitchContext)
    xPortStartScheduler                      0x08003aa9   Thumb Code   222  port.o(i.xPortStartScheduler)
    xPortSysTickHandler                      0x08003b9d   Thumb Code    38  port.o(i.xPortSysTickHandler)
    xTaskCreate                              0x08003bc9   Thumb Code    90  tasks.o(i.xTaskCreate)
    xTaskCreateStatic                        0x08003c23   Thumb Code    86  tasks.o(i.xTaskCreateStatic)
    xTaskGetSchedulerState                   0x08003c79   Thumb Code    22  tasks.o(i.xTaskGetSchedulerState)
    xTaskIncrementTick                       0x08003c95   Thumb Code   192  tasks.o(i.xTaskIncrementTick)
    xTaskResumeAll                           0x08003d5d   Thumb Code   182  tasks.o(i.xTaskResumeAll)
    AHBPrescTable                            0x08003e58   Data          16  system_stm32f4xx.o(.constdata)
    APBPrescTable                            0x08003e68   Data           8  system_stm32f4xx.o(.constdata)
    Region$$Table$$Base                      0x08003e88   Number         0  anon$$obj.o(Region$$Table)
    Region$$Table$$Limit                     0x08003ea8   Number         0  anon$$obj.o(Region$$Table)
    RxByte                                   0x20000000   Data           1  freertos.o(.data)
    RxByte1                                  0x20000001   Data           1  freertos.o(.data)
    dioxide                                  0x20000002   Data           2  freertos.o(.data)
    light                                    0x20000004   Data           2  freertos.o(.data)
    flour                                    0x20000006   Data           2  freertos.o(.data)
    buff3stat                                0x20000008   Data           4  freertos.o(.data)
    flag                                     0x2000000c   Data           4  freertos.o(.data)
    buff1stat                                0x20000010   Data           4  freertos.o(.data)
    count                                    0x20000014   Data           4  freertos.o(.data)
    defaultTaskHandle                        0x20000018   Data           4  freertos.o(.data)
    myTask02Handle                           0x2000001c   Data           4  freertos.o(.data)
    tempandhumid                             0x20000020   Data           8  freertos.o(.data)
    flag1                                    0x20000028   Data           4  freertos.o(.data)
    uwTickFreq                               0x2000002c   Data           1  stm32f4xx_hal.o(.data)
    uwTickPrio                               0x20000030   Data           4  stm32f4xx_hal.o(.data)
    uwTick                                   0x20000034   Data           4  stm32f4xx_hal.o(.data)
    SystemCoreClock                          0x20000038   Data           4  system_stm32f4xx.o(.data)
    pxCurrentTCB                             0x2000003c   Data           4  tasks.o(.data)
    USART3_RX_STA                            0x2000009c   Data           2  common.o(.data)
    e                                        0x200000a0   Data           4  modbus.o(.data)
    cnt                                      0x200000a4   Data           4  modbus.o(.data)
    n                                        0x200000a8   Data           4  modbus.o(.data)
    bufflen                                  0x200000ac   Data           4  modbus.o(.data)
    startaddr                                0x200000b0   Data           4  modbus.o(.data)
    dio                                      0x200000b4   Data           2  rs485.o(.data)
    tem                                      0x200000b6   Data           2  rs485.o(.data)
    hum                                      0x200000b8   Data           2  rs485.o(.data)
    lig                                      0x200000ba   Data           2  rs485.o(.data)
    flo                                      0x200000bc   Data           2  rs485.o(.data)
    rs485bufdio                              0x200000be   Data           8  rs485.o(.data)
    rs485buftem                              0x200000c6   Data           8  rs485.o(.data)
    rs485buflig                              0x200000ce   Data           8  rs485.o(.data)
    temp                                     0x200000d8   Data         100  freertos.o(.bss)
    buff3                                    0x2000013c   Data         100  freertos.o(.bss)
    buff2                                    0x200001a0   Data         100  freertos.o(.bss)
    buff1                                    0x20000204   Data         100  freertos.o(.bss)
    htim4                                    0x200004bc   Data          64  tim.o(.bss)
    htim7                                    0x200004fc   Data          64  tim.o(.bss)
    htim10                                   0x2000053c   Data          64  tim.o(.bss)
    htim14                                   0x2000057c   Data          64  tim.o(.bss)
    USART3_TX_BUF                            0x200005c0   Data         800  usart.o(.bss)
    huart1                                   0x200008e0   Data          64  usart.o(.bss)
    huart2                                   0x20000920   Data          64  usart.o(.bss)
    huart3                                   0x20000960   Data          64  usart.o(.bss)
    huart6                                   0x200009a0   Data          64  usart.o(.bss)
    USART3_RX_BUF                            0x200009e0   Data         800  usart.o(.bss)
    DB_R                                     0x200049f0   Data         200  modbus.o(.bss)
    addr                                     0x20004ab8   Data         100  modbus.o(.bss)
    __initial_sp                             0x20004f20   Data           0  startup_stm32f407xx.o(STACK)



==============================================================================

Memory Map of the image

  Image Entry point : 0x08000189

  Load Region LR_IROM1 (Base: 0x08000000, Size: 0x00003f80, Max: 0x00080000, ABSOLUTE)

    Execution Region ER_IROM1 (Base: 0x08000000, Size: 0x00003ea8, Max: 0x00080000, ABSOLUTE)

    Base Addr    Size         Type   Attr      Idx    E Section Name        Object

    0x08000000   0x00000188   Data   RO            3    RESET               startup_stm32f407xx.o
    0x08000188   0x00000000   Code   RO         4458  * .ARM.Collect$$$$00000000  mc_w.l(entry.o)
    0x08000188   0x00000004   Code   RO         4503    .ARM.Collect$$$$00000001  mc_w.l(entry2.o)
    0x0800018c   0x00000004   Code   RO         4506    .ARM.Collect$$$$00000004  mc_w.l(entry5.o)
    0x08000190   0x00000000   Code   RO         4508    .ARM.Collect$$$$00000008  mc_w.l(entry7b.o)
    0x08000190   0x00000000   Code   RO         4510    .ARM.Collect$$$$0000000A  mc_w.l(entry8b.o)
    0x08000190   0x00000008   Code   RO         4511    .ARM.Collect$$$$0000000B  mc_w.l(entry9a.o)
    0x08000198   0x00000000   Code   RO         4513    .ARM.Collect$$$$0000000D  mc_w.l(entry10a.o)
    0x08000198   0x00000000   Code   RO         4515    .ARM.Collect$$$$0000000F  mc_w.l(entry11a.o)
    0x08000198   0x00000004   Code   RO         4504    .ARM.Collect$$$$00002712  mc_w.l(entry2.o)
    0x0800019c   0x000000be   Code   RO         4205    .emb_text           port.o
    0x0800025a   0x00000002   PAD
    0x0800025c   0x00000024   Code   RO            4    .text               startup_stm32f407xx.o
    0x08000280   0x00000062   Code   RO         4461    .text               mc_w.l(uldiv.o)
    0x080002e2   0x00000024   Code   RO         4463    .text               mc_w.l(memcpya.o)
    0x08000306   0x00000024   Code   RO         4467    .text               mc_w.l(memseta.o)
    0x0800032a   0x00000024   Code   RO         4469    .text               mc_w.l(strstr.o)
    0x0800034e   0x0000000e   Code   RO         4471    .text               mc_w.l(strlen.o)
    0x0800035c   0x0000002c   Code   RO         4518    .text               mc_w.l(uidiv.o)
    0x08000388   0x0000001e   Code   RO         4520    .text               mc_w.l(llshl.o)
    0x080003a6   0x00000020   Code   RO         4522    .text               mc_w.l(llushr.o)
    0x080003c6   0x00000000   Code   RO         4524    .text               mc_w.l(iusefp.o)
    0x080003c6   0x0000014e   Code   RO         4525    .text               mf_w.l(dadd.o)
    0x08000514   0x000000e4   Code   RO         4527    .text               mf_w.l(dmul.o)
    0x080005f8   0x000000de   Code   RO         4529    .text               mf_w.l(ddiv.o)
    0x080006d6   0x00000030   Code   RO         4531    .text               mf_w.l(dfixul.o)
    0x08000706   0x00000002   PAD
    0x08000708   0x00000030   Code   RO         4533    .text               mf_w.l(cdrcmple.o)
    0x08000738   0x00000024   Code   RO         4535    .text               mc_w.l(init.o)
    0x0800075c   0x00000024   Code   RO         4537    .text               mc_w.l(llsshr.o)
    0x08000780   0x000000ba   Code   RO         4539    .text               mf_w.l(depilogue.o)
    0x0800083a   0x00000002   Code   RO          476    i.BusFault_Handler  stm32f4xx_it.o
    0x0800083c   0x00000038   Code   RO         4367    i.CrcCheck          modbus.o
    0x08000874   0x00000002   Code   RO          477    i.DebugMon_Handler  stm32f4xx_it.o
    0x08000876   0x00000002   Code   RO           13    i.Error_Handler     main.o
    0x08000878   0x00000024   Code   RO         1045    i.HAL_DMA_Abort_IT  stm32f4xx_hal_dma.o
    0x0800089c   0x000001b8   Code   RO          937    i.HAL_GPIO_Init     stm32f4xx_hal_gpio.o
    0x08000a54   0x0000000a   Code   RO          941    i.HAL_GPIO_WritePin  stm32f4xx_hal_gpio.o
    0x08000a5e   0x00000002   PAD
    0x08000a60   0x0000000c   Code   RO         1469    i.HAL_GetTick       stm32f4xx_hal.o
    0x08000a6c   0x00000010   Code   RO         1475    i.HAL_IncTick       stm32f4xx_hal.o
    0x08000a7c   0x00000034   Code   RO         1476    i.HAL_Init          stm32f4xx_hal.o
    0x08000ab0   0x00000040   Code   RO         1477    i.HAL_InitTick      stm32f4xx_hal.o
    0x08000af0   0x00000038   Code   RO          558    i.HAL_MspInit       stm32f4xx_hal_msp.o
    0x08000b28   0x0000001a   Code   RO         1326    i.HAL_NVIC_EnableIRQ  stm32f4xx_hal_cortex.o
    0x08000b42   0x00000002   PAD
    0x08000b44   0x00000040   Code   RO         1332    i.HAL_NVIC_SetPriority  stm32f4xx_hal_cortex.o
    0x08000b84   0x00000024   Code   RO         1333    i.HAL_NVIC_SetPriorityGrouping  stm32f4xx_hal_cortex.o
    0x08000ba8   0x00000134   Code   RO          583    i.HAL_RCC_ClockConfig  stm32f4xx_hal_rcc.o
    0x08000cdc   0x00000020   Code   RO          590    i.HAL_RCC_GetPCLK1Freq  stm32f4xx_hal_rcc.o
    0x08000cfc   0x00000020   Code   RO          591    i.HAL_RCC_GetPCLK2Freq  stm32f4xx_hal_rcc.o
    0x08000d1c   0x00000060   Code   RO          592    i.HAL_RCC_GetSysClockFreq  stm32f4xx_hal_rcc.o
    0x08000d7c   0x0000035c   Code   RO          595    i.HAL_RCC_OscConfig  stm32f4xx_hal_rcc.o
    0x080010d8   0x00000028   Code   RO         1337    i.HAL_SYSTICK_Config  stm32f4xx_hal_cortex.o
    0x08001100   0x00000090   Code   RO         2409    i.HAL_TIMEx_MasterConfigSynchronization  stm32f4xx_hal_tim_ex.o
    0x08001190   0x00000036   Code   RO         1716    i.HAL_TIM_Base_Init  stm32f4xx_hal_tim.o
    0x080011c6   0x00000002   PAD
    0x080011c8   0x00000060   Code   RO          315    i.HAL_TIM_Base_MspInit  tim.o
    0x08001228   0x00000054   Code   RO          316    i.HAL_TIM_MspPostInit  tim.o
    0x0800127c   0x000000d0   Code   RO         1783    i.HAL_TIM_PWM_ConfigChannel  stm32f4xx_hal_tim.o
    0x0800134c   0x00000036   Code   RO         1786    i.HAL_TIM_PWM_Init  stm32f4xx_hal_tim.o
    0x08001382   0x00000002   PAD
    0x08001384   0x00000028   Code   RO          318    i.HAL_TIM_PWM_MspInit  tim.o
    0x080013ac   0x00000044   Code   RO         1791    i.HAL_TIM_PWM_Start  stm32f4xx_hal_tim.o
    0x080013f0   0x00000002   Code   RO         2663    i.HAL_UART_ErrorCallback  stm32f4xx_hal_uart.o
    0x080013f2   0x00000002   PAD
    0x080013f4   0x00000114   Code   RO         2666    i.HAL_UART_IRQHandler  stm32f4xx_hal_uart.o
    0x08001508   0x00000062   Code   RO         2667    i.HAL_UART_Init     stm32f4xx_hal_uart.o
    0x0800156a   0x00000002   PAD
    0x0800156c   0x00000164   Code   RO          393    i.HAL_UART_MspInit  usart.o
    0x080016d0   0x00000052   Code   RO         2672    i.HAL_UART_Receive_IT  stm32f4xx_hal_uart.o
    0x08001722   0x00000002   Code   RO         2673    i.HAL_UART_RxCpltCallback  stm32f4xx_hal_uart.o
    0x08001724   0x000000ba   Code   RO         2675    i.HAL_UART_Transmit  stm32f4xx_hal_uart.o
    0x080017de   0x00000002   Code   RO         2678    i.HAL_UART_TxCpltCallback  stm32f4xx_hal_uart.o
    0x080017e0   0x00000002   Code   RO          478    i.HardFault_Handler  stm32f4xx_it.o
    0x080017e2   0x00000002   PAD
    0x080017e4   0x000000a8   Code   RO          223    i.MX_FREERTOS_Init  freertos.o
    0x0800188c   0x000000d8   Code   RO          199    i.MX_GPIO_Init      gpio.o
    0x08001964   0x00000038   Code   RO          319    i.MX_TIM10_Init     tim.o
    0x0800199c   0x00000034   Code   RO          320    i.MX_TIM14_Init     tim.o
    0x080019d0   0x00000070   Code   RO          321    i.MX_TIM4_Init      tim.o
    0x08001a40   0x00000048   Code   RO          322    i.MX_TIM7_Init      tim.o
    0x08001a88   0x00000038   Code   RO          394    i.MX_USART1_UART_Init  usart.o
    0x08001ac0   0x00000038   Code   RO          395    i.MX_USART2_UART_Init  usart.o
    0x08001af8   0x00000038   Code   RO          396    i.MX_USART3_UART_Init  usart.o
    0x08001b30   0x00000038   Code   RO          397    i.MX_USART6_UART_Init  usart.o
    0x08001b68   0x00000002   Code   RO          479    i.MemManage_Handler  stm32f4xx_it.o
    0x08001b6a   0x00000002   Code   RO          480    i.NMI_Handler       stm32f4xx_it.o
    0x08001b6c   0x00000014   Code   RO         4407    i.RS485_Send_Data   rs485.o
    0x08001b80   0x0000004c   Code   RO         4408    i.RS485_getDioxideValue  rs485.o
    0x08001bcc   0x0000004c   Code   RO         4409    i.RS485_getFlourValue  rs485.o
    0x08001c18   0x0000004c   Code   RO         4410    i.RS485_getLightValue  rs485.o
    0x08001c64   0x00000074   Code   RO         4411    i.RS485_getTempAndHumidValue  rs485.o
    0x08001cd8   0x00000100   Code   RO         4368    i.ReadHoldRegister  modbus.o
    0x08001dd8   0x00000188   Code   RO          224    i.StartDefaultTask  freertos.o
    0x08001f60   0x00000074   Code   RO          225    i.StartTask02       freertos.o
    0x08001fd4   0x00000018   Code   RO          481    i.SysTick_Handler   stm32f4xx_it.o
    0x08001fec   0x00000084   Code   RO           14    i.SystemClock_Config  main.o
    0x08002070   0x0000001c   Code   RO         2969    i.SystemInit        system_stm32f4xx.o
    0x0800208c   0x000000c8   Code   RO         1804    i.TIM_Base_SetConfig  stm32f4xx_hal_tim.o
    0x08002154   0x0000001a   Code   RO         1805    i.TIM_CCxChannelCmd  stm32f4xx_hal_tim.o
    0x0800216e   0x00000002   PAD
    0x08002170   0x00000060   Code   RO         1817    i.TIM_OC1_SetConfig  stm32f4xx_hal_tim.o
    0x080021d0   0x0000006c   Code   RO         1818    i.TIM_OC2_SetConfig  stm32f4xx_hal_tim.o
    0x0800223c   0x00000068   Code   RO         1819    i.TIM_OC3_SetConfig  stm32f4xx_hal_tim.o
    0x080022a4   0x00000050   Code   RO         1820    i.TIM_OC4_SetConfig  stm32f4xx_hal_tim.o
    0x080022f4   0x00000010   Code   RO         2680    i.UART_DMAAbortOnError  stm32f4xx_hal_uart.o
    0x08002304   0x0000001c   Code   RO         2690    i.UART_EndRxTransfer  stm32f4xx_hal_uart.o
    0x08002320   0x00000096   Code   RO         2692    i.UART_Receive_IT   stm32f4xx_hal_uart.o
    0x080023b6   0x00000002   PAD
    0x080023b8   0x00000128   Code   RO         2693    i.UART_SetConfig    stm32f4xx_hal_uart.o
    0x080024e0   0x00000062   Code   RO         2694    i.UART_Transmit_IT  stm32f4xx_hal_uart.o
    0x08002542   0x00000064   Code   RO         2695    i.UART_WaitOnFlagUntilTimeout  stm32f4xx_hal_uart.o
    0x080025a6   0x00000002   PAD
    0x080025a8   0x00000070   Code   RO          482    i.USART1_IRQHandler  stm32f4xx_it.o
    0x08002618   0x00000070   Code   RO          483    i.USART3_IRQHandler  stm32f4xx_it.o
    0x08002688   0x0000000c   Code   RO          484    i.USART6_IRQHandler  stm32f4xx_it.o
    0x08002694   0x00000002   Code   RO          485    i.UsageFault_Handler  stm32f4xx_it.o
    0x08002696   0x00000002   PAD
    0x08002698   0x00000024   Code   RO         4482    i.__0vsprintf       mc_w.l(printfa.o)
    0x080026bc   0x00000020   Code   RO         1339    i.__NVIC_SetPriority  stm32f4xx_hal_cortex.o
    0x080026dc   0x0000000e   Code   RO         4543    i.__scatterload_copy  mc_w.l(handlers.o)
    0x080026ea   0x00000002   Code   RO         4544    i.__scatterload_null  mc_w.l(handlers.o)
    0x080026ec   0x0000000e   Code   RO         4545    i.__scatterload_zeroinit  mc_w.l(handlers.o)
    0x080026fa   0x00000002   PAD
    0x080026fc   0x00000184   Code   RO         4483    i._fp_digits        mc_w.l(printfa.o)
    0x08002880   0x000006dc   Code   RO         4484    i._printf_core      mc_w.l(printfa.o)
    0x08002f5c   0x00000024   Code   RO         4485    i._printf_post_padding  mc_w.l(printfa.o)
    0x08002f80   0x0000002e   Code   RO         4486    i._printf_pre_padding  mc_w.l(printfa.o)
    0x08002fae   0x0000000a   Code   RO         4488    i._sputc            mc_w.l(printfa.o)
    0x08002fb8   0x00000024   Code   RO         4315    i.atk_8266_check_cmd  common.o
    0x08002fdc   0x00000058   Code   RO         4316    i.atk_8266_send_cmd  common.o
    0x08003034   0x00000004   Code   RO         4317    i.atk_8266_test     common.o
    0x08003038   0x00000124   Code   RO         4318    i.atk_8266_wifista_test  common.o
    0x0800315c   0x00000040   Code   RO         4285    i.delay_ms          delay.o
    0x0800319c   0x00000048   Code   RO          226    i.iniSetting        freertos.o
    0x080031e4   0x0000003a   Code   RO           15    i.main              main.o
    0x0800321e   0x0000000c   Code   RO         3777    i.makeFreeRtosPriority  cmsis_os.o
    0x0800322a   0x00000002   PAD
    0x0800322c   0x000000a8   Code   RO         4369    i.modbus_onebit     modbus.o
    0x080032d4   0x0000000e   Code   RO         3779    i.osDelay           cmsis_os.o
    0x080032e2   0x0000000a   Code   RO         3782    i.osKernelStart     cmsis_os.o
    0x080032ec   0x00000054   Code   RO         3816    i.osThreadCreate    cmsis_os.o
    0x08003340   0x00000070   Code   RO         3471    i.prvAddCurrentTaskToDelayedList  tasks.o
    0x080033b0   0x000000d0   Code   RO         3472    i.prvAddNewTaskToReadyList  tasks.o
    0x08003480   0x00000034   Code   RO         3473    i.prvDeleteTCB      tasks.o
    0x080034b4   0x0000004c   Code   RO         4144    i.prvHeapInit       heap_4.o
    0x08003500   0x00000060   Code   RO         3474    i.prvIdleTask       tasks.o
    0x08003560   0x00000098   Code   RO         3475    i.prvInitialiseNewTask  tasks.o
    0x080035f8   0x0000004c   Code   RO         4145    i.prvInsertBlockIntoFreeList  heap_4.o
    0x08003644   0x00000020   Code   RO         3476    i.prvResetNextTaskUnblockTime  tasks.o
    0x08003664   0x00000028   Code   RO         4206    i.prvTaskExitError  port.o
    0x0800368c   0x000000d8   Code   RO         4146    i.pvPortMalloc      heap_4.o
    0x08003764   0x0000002c   Code   RO         4207    i.pxPortInitialiseStack  port.o
    0x08003790   0x00000040   Code   RO          399    i.u3_printf         usart.o
    0x080037d0   0x0000002c   Code   RO          227    i.user_pwm_setvalue  freertos.o
    0x080037fc   0x00000026   Code   RO         3107    i.uxListRemove      list.o
    0x08003822   0x00000002   PAD
    0x08003824   0x00000014   Code   RO          228    i.vApplicationGetIdleTaskMemory  freertos.o
    0x08003838   0x00000016   Code   RO         3108    i.vListInitialise   list.o
    0x0800384e   0x00000006   Code   RO         3109    i.vListInitialiseItem  list.o
    0x08003854   0x00000030   Code   RO         3110    i.vListInsert       list.o
    0x08003884   0x00000018   Code   RO         3111    i.vListInsertEnd    list.o
    0x0800389c   0x00000040   Code   RO         4209    i.vPortEnterCritical  port.o
    0x080038dc   0x00000028   Code   RO         4210    i.vPortExitCritical  port.o
    0x08003904   0x0000005c   Code   RO         4147    i.vPortFree         heap_4.o
    0x08003960   0x00000024   Code   RO         4211    i.vPortSetupTimerInterrupt  port.o
    0x08003984   0x0000004c   Code   RO         3484    i.vTaskDelay        tasks.o
    0x080039d0   0x0000006c   Code   RO         3497    i.vTaskStartScheduler  tasks.o
    0x08003a3c   0x00000010   Code   RO         3499    i.vTaskSuspendAll   tasks.o
    0x08003a4c   0x0000005c   Code   RO         3500    i.vTaskSwitchContext  tasks.o
    0x08003aa8   0x000000f4   Code   RO         4213    i.xPortStartScheduler  port.o
    0x08003b9c   0x0000002c   Code   RO         4214    i.xPortSysTickHandler  port.o
    0x08003bc8   0x0000005a   Code   RO         3502    i.xTaskCreate       tasks.o
    0x08003c22   0x00000056   Code   RO         3503    i.xTaskCreateStatic  tasks.o
    0x08003c78   0x0000001c   Code   RO         3507    i.xTaskGetSchedulerState  tasks.o
    0x08003c94   0x000000c8   Code   RO         3510    i.xTaskIncrementTick  tasks.o
    0x08003d5c   0x000000c4   Code   RO         3516    i.xTaskResumeAll    tasks.o
    0x08003e20   0x00000038   Data   RO          230    .constdata          freertos.o
    0x08003e58   0x00000010   Data   RO         2970    .constdata          system_stm32f4xx.o
    0x08003e68   0x00000008   Data   RO         2971    .constdata          system_stm32f4xx.o
    0x08003e70   0x00000018   Data   RO          231    .conststring        freertos.o
    0x08003e88   0x00000020   Data   RO         4541    Region$$Table       anon$$obj.o


    Execution Region RW_IRAM2 (Base: 0x10000000, Size: 0x00000000, Max: 0x00010000, ABSOLUTE)

    **** No section assigned to this execution region ****


    Execution Region RW_IRAM1 (Base: 0x20000000, Size: 0x00004f20, Max: 0x00020000, ABSOLUTE)

    Base Addr    Size         Type   Attr      Idx    E Section Name        Object

    0x20000000   0x00000028   Data   RW          234    .data               freertos.o
    0x20000028   0x00000004   Data   RW          235    .data               freertos.o
    0x2000002c   0x0000000c   Data   RW         1483    .data               stm32f4xx_hal.o
    0x20000038   0x00000004   Data   RW         2972    .data               system_stm32f4xx.o
    0x2000003c   0x0000003c   Data   RW         3519    .data               tasks.o
    0x20000078   0x00000018   Data   RW         4152    .data               heap_4.o
    0x20000090   0x0000000c   Data   RW         4215    .data               port.o
    0x2000009c   0x00000002   Data   RW         4319    .data               common.o
    0x2000009e   0x00000002   PAD
    0x200000a0   0x00000014   Data   RW         4371    .data               modbus.o
    0x200000b4   0x00000022   Data   RW         4413    .data               rs485.o
    0x200000d6   0x00000002   PAD
    0x200000d8   0x000003e4   Zero   RW          229    .bss                freertos.o
    0x200004bc   0x00000100   Zero   RW          323    .bss                tim.o
    0x200005bc   0x00000004   PAD
    0x200005c0   0x00000420   Zero   RW          400    .bss                usart.o
    0x200009e0   0x00000320   Zero   RW          401    .bss                usart.o
    0x20000d00   0x000000f0   Zero   RW         3518    .bss                tasks.o
    0x20000df0   0x00003c00   Zero   RW         4151    .bss                heap_4.o
    0x200049f0   0x0000012c   Zero   RW         4370    .bss                modbus.o
    0x20004b1c   0x00000004   PAD
    0x20004b20   0x00000400   Zero   RW            1    STACK               startup_stm32f407xx.o


==============================================================================

Image component sizes


      Code (inc. data)   RO Data    RW Data    ZI Data      Debug   Object Name

       120          0          0          0          0      24109   cmsis_os.o
       420        166          0          2          0       3701   common.o
        64          4          0          0          0        615   delay.o
         0          0          0          0          0      16080   event_groups.o
       812         68         80         44        996       6833   freertos.o
       216         16          0          0          0       1299   gpio.o
       460         24          0         24      15360       8075   heap_4.o
       138          0          0          0          0       4194   list.o
       192          8          0          0          0     720912   main.o
       480         32          0         20        300       3696   modbus.o
       702         72          0         12          0      12260   port.o
       364         46          0         34          0       4846   rs485.o
        36          8        392          0       1024        928   startup_stm32f407xx.o
       144         24          0         12          0       9529   stm32f4xx_hal.o
       198         14          0          0          0      34595   stm32f4xx_hal_cortex.o
        36          0          0          0          0       1427   stm32f4xx_hal_dma.o
       450         46          0          0          0       2720   stm32f4xx_hal_gpio.o
        56          4          0          0          0       1082   stm32f4xx_hal_msp.o
      1328         72          0          0          0       5876   stm32f4xx_hal_rcc.o
       998         90          0          0          0      10030   stm32f4xx_hal_tim.o
       144         28          0          0          0       1560   stm32f4xx_hal_tim_ex.o
      1336         16          0          0          0      11845   stm32f4xx_hal_uart.o
       272         48          0          0          0       6047   stm32f4xx_it.o
         0          0          0          0          0        392   stream_buffer.o
        28          6         24          4          0       1479   system_stm32f4xx.o
      1544        116          0         60        240      22079   tasks.o
       512         80          0          0        256       5621   tim.o
       644         74          0          0       1856       6085   usart.o

    ----------------------------------------------------------------------
     11722       1062        528        216      20040     927915   Object Totals
         0          0         32          0          0          0   (incl. Generated)
        28          0          0          4          8          0   (incl. Padding)

    ----------------------------------------------------------------------

      Code (inc. data)   RO Data    RW Data    ZI Data      Debug   Library Member Name

         0          0          0          0          0          0   entry.o
         0          0          0          0          0          0   entry10a.o
         0          0          0          0          0          0   entry11a.o
         8          4          0          0          0          0   entry2.o
         4          0          0          0          0          0   entry5.o
         0          0          0          0          0          0   entry7b.o
         0          0          0          0          0          0   entry8b.o
         8          4          0          0          0          0   entry9a.o
        30          0          0          0          0          0   handlers.o
        36          8          0          0          0         68   init.o
         0          0          0          0          0          0   iusefp.o
        30          0          0          0          0         68   llshl.o
        36          0          0          0          0         68   llsshr.o
        32          0          0          0          0         68   llushr.o
        36          0          0          0          0         68   memcpya.o
        36          0          0          0          0        108   memseta.o
      2272         86          0          0          0        516   printfa.o
        14          0          0          0          0         68   strlen.o
        36          0          0          0          0         80   strstr.o
        44          0          0          0          0         80   uidiv.o
        98          0          0          0          0         92   uldiv.o
        48          0          0          0          0         68   cdrcmple.o
       334          0          0          0          0        148   dadd.o
       222          0          0          0          0        100   ddiv.o
       186          0          0          0          0        176   depilogue.o
        48          0          0          0          0         68   dfixul.o
       228          0          0          0          0         96   dmul.o

    ----------------------------------------------------------------------
      3790        102          0          0          0       1940   Library Totals
         4          0          0          0          0          0   (incl. Padding)

    ----------------------------------------------------------------------

      Code (inc. data)   RO Data    RW Data    ZI Data      Debug   Library Name

      2720        102          0          0          0       1284   mc_w.l
      1066          0          0          0          0        656   mf_w.l

    ----------------------------------------------------------------------
      3790        102          0          0          0       1940   Library Totals

    ----------------------------------------------------------------------

==============================================================================


      Code (inc. data)   RO Data    RW Data    ZI Data      Debug   

     15512       1164        528        216      20040     917271   Grand Totals
     15512       1164        528        216      20040     917271   ELF Image Totals
     15512       1164        528        216          0          0   ROM Totals

==============================================================================

    Total RO  Size (Code + RO Data)                16040 (  15.66kB)
    Total RW  Size (RW Data + ZI Data)             20256 (  19.78kB)
    Total ROM Size (Code + RO Data + RW Data)      16256 (  15.88kB)

==============================================================================

